{
  "Entries": [
    {
      "RequestUri": "https://management.azure.com/subscriptions/00000000-0000-0000-0000-000000000/resourceGroups/00000/providers/Microsoft.MachineLearningServices/workspaces/00000/datastores/workspaceblobstore?api-version=2022-05-01",
      "RequestMethod": "GET",
      "RequestHeaders": {
        "Accept": "application/json",
        "Accept-Encoding": "gzip, deflate",
        "Connection": "keep-alive",
        "User-Agent": "azure-ai-ml/1.1.0 azsdk-python-mgmt-machinelearningservices/0.1.0 Python/3.8.13 (macOS-12.6-arm64-i386-64bit)"
      },
      "RequestBody": null,
      "StatusCode": 200,
      "ResponseHeaders": {
        "Cache-Control": "no-cache",
        "Content-Encoding": "gzip",
        "Content-Type": "application/json; charset=utf-8",
        "Date": "Tue, 08 Nov 2022 06:19:06 GMT",
        "Expires": "-1",
        "Pragma": "no-cache",
        "Request-Context": "appId=cid-v1:2d2e8e63-272e-4b3c-8598-4ee570a0e70d",
        "Server-Timing": "traceparent;desc=\u002200-d9df511e9ecb331b6adff05da16ba5a2-76dd69f8b585fa75-00\u0022",
        "Strict-Transport-Security": "max-age=31536000; includeSubDomains",
        "Transfer-Encoding": "chunked",
        "Vary": [
          "Accept-Encoding",
          "Accept-Encoding"
        ],
        "x-aml-cluster": "vienna-eastus2-01",
        "X-Content-Type-Options": "nosniff",
        "x-ms-correlation-request-id": "4f7ea113-4b83-4d4d-bb64-b4066418e7fa",
        "x-ms-ratelimit-remaining-subscription-reads": "11990",
        "x-ms-response-type": "standard",
        "x-ms-routing-request-id": "SOUTHEASTASIA:20221108T061906Z:4f7ea113-4b83-4d4d-bb64-b4066418e7fa",
        "x-request-time": "0.186"
      },
      "ResponseBody": {
        "id": "/subscriptions/00000000-0000-0000-0000-000000000/resourceGroups/00000/providers/Microsoft.MachineLearningServices/workspaces/00000/datastores/workspaceblobstore",
        "name": "workspaceblobstore",
        "type": "Microsoft.MachineLearningServices/workspaces/datastores",
        "properties": {
          "description": null,
          "tags": null,
          "properties": null,
          "isDefault": true,
          "credentials": {
            "credentialsType": "AccountKey"
          },
          "datastoreType": "AzureBlob",
          "accountName": "sav3u7rijui4cza",
          "containerName": "azureml-blobstore-a6db4a2a-8424-44da-a5a8-d604852f4fc3",
          "endpoint": "core.windows.net",
          "protocol": "https",
          "serviceDataAccessAuthIdentity": "WorkspaceSystemAssignedIdentity"
        },
        "systemData": {
          "createdAt": "2022-10-10T07:43:07.7818269\u002B00:00",
          "createdBy": "779301c0-18b2-4cdc-801b-a0a3368fee0a",
          "createdByType": "Application",
          "lastModifiedAt": "2022-10-10T07:43:08.5293577\u002B00:00",
          "lastModifiedBy": "779301c0-18b2-4cdc-801b-a0a3368fee0a",
          "lastModifiedByType": "Application"
        }
      }
    },
    {
      "RequestUri": "https://management.azure.com/subscriptions/00000000-0000-0000-0000-000000000/resourceGroups/00000/providers/Microsoft.MachineLearningServices/workspaces/00000/datastores/workspaceblobstore/listSecrets?api-version=2022-05-01",
      "RequestMethod": "POST",
      "RequestHeaders": {
        "Accept": "application/json",
        "Accept-Encoding": "gzip, deflate",
        "Connection": "keep-alive",
        "Content-Length": "0",
        "User-Agent": "azure-ai-ml/1.1.0 azsdk-python-mgmt-machinelearningservices/0.1.0 Python/3.8.13 (macOS-12.6-arm64-i386-64bit)"
      },
      "RequestBody": null,
      "StatusCode": 200,
      "ResponseHeaders": {
        "Cache-Control": "no-cache",
        "Content-Encoding": "gzip",
        "Content-Type": "application/json; charset=utf-8",
        "Date": "Tue, 08 Nov 2022 06:19:07 GMT",
        "Expires": "-1",
        "Pragma": "no-cache",
        "Request-Context": "appId=cid-v1:2d2e8e63-272e-4b3c-8598-4ee570a0e70d",
        "Server-Timing": "traceparent;desc=\u002200-fde5b9c07215a8c736be4beb715e06b3-9c7de09b99633f91-00\u0022",
        "Strict-Transport-Security": "max-age=31536000; includeSubDomains",
        "Transfer-Encoding": "chunked",
        "Vary": "Accept-Encoding",
        "x-aml-cluster": "vienna-eastus2-01",
        "X-Content-Type-Options": "nosniff",
        "x-ms-correlation-request-id": "0628fa16-c392-4b68-a018-2705a5dbcede",
        "x-ms-ratelimit-remaining-subscription-writes": "1193",
        "x-ms-response-type": "standard",
        "x-ms-routing-request-id": "SOUTHEASTASIA:20221108T061907Z:0628fa16-c392-4b68-a018-2705a5dbcede",
        "x-request-time": "0.110"
      },
      "ResponseBody": {
        "secretsType": "AccountKey",
        "key": "dGhpcyBpcyBmYWtlIGtleQ=="
      }
    },
    {
      "RequestUri": "https://sav3u7rijui4cza.blob.core.windows.net/azureml-blobstore-a6db4a2a-8424-44da-a5a8-d604852f4fc3/LocalUpload/00000000000000000000000000000000/COMPONENT_PLACEHOLDER",
      "RequestMethod": "HEAD",
      "RequestHeaders": {
        "Accept": "application/xml",
        "Accept-Encoding": "gzip, deflate",
        "Connection": "keep-alive",
        "User-Agent": "azsdk-python-storage-blob/12.13.1 Python/3.8.13 (macOS-12.6-arm64-i386-64bit)",
        "x-ms-date": "Tue, 08 Nov 2022 06:19:07 GMT",
        "x-ms-version": "2021-08-06"
      },
      "RequestBody": null,
      "StatusCode": 200,
      "ResponseHeaders": {
        "Accept-Ranges": "bytes",
        "Content-Length": "35",
        "Content-MD5": "L/DnSpFIn\u002BjaQWc\u002BsUQdcw==",
        "Content-Type": "application/octet-stream",
        "Date": "Tue, 08 Nov 2022 06:19:07 GMT",
        "ETag": "\u00220x8DAC13EFDFF2C0D\u0022",
        "Last-Modified": "Tue, 08 Nov 2022 04:09:11 GMT",
        "Server": [
          "Windows-Azure-Blob/1.0",
          "Microsoft-HTTPAPI/2.0"
        ],
        "Vary": "Origin",
        "x-ms-access-tier": "Hot",
        "x-ms-access-tier-inferred": "true",
        "x-ms-blob-type": "BlockBlob",
        "x-ms-creation-time": "Tue, 08 Nov 2022 04:09:11 GMT",
        "x-ms-lease-state": "available",
        "x-ms-lease-status": "unlocked",
        "x-ms-meta-name": "5d0c2440-3f92-4bf0-a277-a2158e0ee09d",
        "x-ms-meta-upload_status": "completed",
        "x-ms-meta-version": "1",
        "x-ms-server-encrypted": "true",
        "x-ms-version": "2021-08-06"
      },
      "ResponseBody": null
    },
    {
      "RequestUri": "https://sav3u7rijui4cza.blob.core.windows.net/azureml-blobstore-a6db4a2a-8424-44da-a5a8-d604852f4fc3/az-ml-artifacts/00000000000000000000000000000000/COMPONENT_PLACEHOLDER",
      "RequestMethod": "HEAD",
      "RequestHeaders": {
        "Accept": "application/xml",
        "Accept-Encoding": "gzip, deflate",
        "Connection": "keep-alive",
        "User-Agent": "azsdk-python-storage-blob/12.13.1 Python/3.8.13 (macOS-12.6-arm64-i386-64bit)",
        "x-ms-date": "Tue, 08 Nov 2022 06:19:07 GMT",
        "x-ms-version": "2021-08-06"
      },
      "RequestBody": null,
      "StatusCode": 404,
      "ResponseHeaders": {
        "Date": "Tue, 08 Nov 2022 06:19:07 GMT",
        "Server": [
          "Windows-Azure-Blob/1.0",
          "Microsoft-HTTPAPI/2.0"
        ],
        "Transfer-Encoding": "chunked",
        "Vary": "Origin",
        "x-ms-error-code": "BlobNotFound",
        "x-ms-version": "2021-08-06"
      },
      "ResponseBody": null
    },
    {
      "RequestUri": "https://management.azure.com/subscriptions/00000000-0000-0000-0000-000000000/resourceGroups/00000/providers/Microsoft.MachineLearningServices/workspaces/00000/codes/5d0c2440-3f92-4bf0-a277-a2158e0ee09d/versions/1?api-version=2022-05-01",
      "RequestMethod": "PUT",
      "RequestHeaders": {
        "Accept": "application/json",
        "Accept-Encoding": "gzip, deflate",
        "Connection": "keep-alive",
        "Content-Length": "288",
        "Content-Type": "application/json",
        "User-Agent": "azure-ai-ml/1.1.0 azsdk-python-mgmt-machinelearningservices/0.1.0 Python/3.8.13 (macOS-12.6-arm64-i386-64bit)"
      },
      "RequestBody": {
        "properties": {
          "properties": {
            "hash_sha256": "0000000000000",
            "hash_version": "0000000000000"
          },
          "isAnonymous": true,
          "isArchived": false,
          "codeUri": "https://sav3u7rijui4cza.blob.core.windows.net/azureml-blobstore-a6db4a2a-8424-44da-a5a8-d604852f4fc3/LocalUpload/00000000000000000000000000000000"
        }
      },
      "StatusCode": 200,
      "ResponseHeaders": {
        "Cache-Control": "no-cache",
        "Content-Encoding": "gzip",
        "Content-Type": "application/json; charset=utf-8",
        "Date": "Tue, 08 Nov 2022 06:19:08 GMT",
        "Expires": "-1",
        "Pragma": "no-cache",
        "Request-Context": "appId=cid-v1:2d2e8e63-272e-4b3c-8598-4ee570a0e70d",
        "Server-Timing": "traceparent;desc=\u002200-6fbffaf42da7f2905976b81be3a57a30-b93d2d61aeaa71fd-00\u0022",
        "Strict-Transport-Security": "max-age=31536000; includeSubDomains",
        "Transfer-Encoding": "chunked",
        "Vary": [
          "Accept-Encoding",
          "Accept-Encoding"
        ],
        "x-aml-cluster": "vienna-eastus2-01",
        "X-Content-Type-Options": "nosniff",
        "x-ms-correlation-request-id": "2b6ea7e4-71e5-4d6d-b49e-6223bfe25cdb",
        "x-ms-ratelimit-remaining-subscription-writes": "1185",
        "x-ms-response-type": "standard",
        "x-ms-routing-request-id": "SOUTHEASTASIA:20221108T061909Z:2b6ea7e4-71e5-4d6d-b49e-6223bfe25cdb",
        "x-request-time": "0.100"
      },
      "ResponseBody": "{\u0022id\u0022:\u0022/subscriptions/00000000-0000-0000-0000-000000000/resourceGroups/00000/providers/Microsoft.MachineLearningServices/workspaces/00000/codes/5d0c2440-3f92-4bf0-a277-a2158e0ee09d/versions/1\u0022,\u0022name\u0022:\u00221\u0022,\u0022type\u0022:\u0022Microsoft.MachineLearningServices/workspaces/codes/versions\u0022,\u0022properties\u0022:{\u0022description\u0022:null,\u0022tags\u0022:{},\u0022properties\u0022:{\u0022hash_sha256\u0022:\u00220000000000000\u0022,\u0022hash_version\u0022:\u00220000000000000\u0022},\u0022isArchived\u0022:false,\u0022isAnonymous\u0022:false,\u0022codeUri\u0022:\u0022https://sav3u7rijui4cza.blob.core.windows.net/azureml-blobstore-a6db4a2a-8424-44da-a5a8-d604852f4fc3/LocalUpload/000000000000000000000000000000000000systemData\u0022:{\u0022createdAt\u0022:\u00222022-11-08T04:09:13.0225939\u002B00:00\u0022,\u0022createdBy\u0022:\u0022Honglin Du\u0022,\u0022createdByType\u0022:\u0022User\u0022,\u0022lastModifiedAt\u0022:\u00222022-11-08T06:19:08.8489454\u002B00:00\u0022,\u0022lastModifiedBy\u0022:\u0022Honglin Du\u0022,\u0022lastModifiedByType\u0022:\u0022User\u0022}}"
    },
    {
      "RequestUri": "https://management.azure.com/subscriptions/00000000-0000-0000-0000-000000000/resourceGroups/00000/providers/Microsoft.MachineLearningServices/workspaces/00000/components/test_725546997025/versions/1?api-version=2022-05-01",
      "RequestMethod": "PUT",
      "RequestHeaders": {
        "Accept": "application/json",
        "Accept-Encoding": "gzip, deflate",
        "Connection": "keep-alive",
        "Content-Length": "1314",
        "Content-Type": "application/json",
        "User-Agent": "azure-ai-ml/1.1.0 azsdk-python-mgmt-machinelearningservices/0.1.0 Python/3.8.13 (macOS-12.6-arm64-i386-64bit)"
      },
      "RequestBody": {
        "properties": {
          "description": "This is the command component with input/output types of custom model",
          "properties": {},
          "tags": {
            "tag": "tagvalue",
            "owner": "sdkteam"
          },
          "isAnonymous": false,
          "isArchived": false,
          "componentSpec": {
            "command": "python -c \u0022\n  import pickle\n  with open(\u0027${{inputs.component_in_custom_model}}/model.pkl\u0027, \u0027rb\u0027) as f:\n      model = pickle.load(f)\n\u0022\n",
            "code": "azureml:/subscriptions/00000000-0000-0000-0000-000000000/resourceGroups/00000/providers/Microsoft.MachineLearningServices/workspaces/00000/codes/5d0c2440-3f92-4bf0-a277-a2158e0ee09d/versions/1",
            "environment": "azureml:AzureML-sklearn-0.24-ubuntu18.04-py37-cpu:1",
            "name": "test_725546997025",
            "description": "This is the command component with input/output types of custom model",
            "tags": {
              "tag": "tagvalue",
              "owner": "sdkteam"
            },
            "version": "1",
            "$schema": "https://azuremlschemas.azureedge.net/development/commandComponent.schema.json",
            "display_name": "CommandComponentCustomInputOutputs",
            "is_deterministic": true,
            "inputs": {
              "component_in_custom_model": {
                "type": "custom_model"
              },
              "component_in_trition_model": {
                "type": "triton_model"
              }
            },
            "outputs": {
              "component_out_custom_model": {
                "type": "custom_model"
              },
              "component_out_trition_model": {
                "type": "triton_model"
              }
            },
            "type": "command",
            "_source": "YAML.COMPONENT"
          }
        }
      },
      "StatusCode": 201,
      "ResponseHeaders": {
        "Cache-Control": "no-cache",
        "Content-Length": "2210",
        "Content-Type": "application/json; charset=utf-8",
        "Date": "Tue, 08 Nov 2022 06:19:11 GMT",
        "Expires": "-1",
        "Location": "https://management.azure.com/subscriptions/00000000-0000-0000-0000-000000000/resourceGroups/00000/providers/Microsoft.MachineLearningServices/workspaces/00000/components/test_725546997025/versions/1?api-version=2022-05-01",
        "Pragma": "no-cache",
        "Request-Context": "appId=cid-v1:2d2e8e63-272e-4b3c-8598-4ee570a0e70d",
        "Server-Timing": "traceparent;desc=\u002200-abd9d1edc0f9a48ea3fdc94961fbbfc2-000851d9f5c06964-00\u0022",
        "Strict-Transport-Security": "max-age=31536000; includeSubDomains",
        "x-aml-cluster": "vienna-eastus2-01",
        "X-Content-Type-Options": "nosniff",
        "x-ms-correlation-request-id": "1014aaf9-1799-4cdc-8471-6f98fe83d1b6",
        "x-ms-ratelimit-remaining-subscription-writes": "1184",
        "x-ms-response-type": "standard",
        "x-ms-routing-request-id": "SOUTHEASTASIA:20221108T061911Z:1014aaf9-1799-4cdc-8471-6f98fe83d1b6",
        "x-request-time": "0.736"
      },
      "ResponseBody": {
        "id": "/subscriptions/00000000-0000-0000-0000-000000000/resourceGroups/00000/providers/Microsoft.MachineLearningServices/workspaces/00000/components/test_725546997025/versions/1",
        "name": "1",
        "type": "Microsoft.MachineLearningServices/workspaces/components/versions",
        "properties": {
          "description": null,
          "tags": {
            "tag": "tagvalue",
            "owner": "sdkteam"
          },
          "properties": {},
          "isArchived": false,
          "isAnonymous": false,
          "componentSpec": {
            "name": "test_725546997025",
            "version": "1",
            "display_name": "CommandComponentCustomInputOutputs",
            "is_deterministic": "True",
            "type": "command",
            "description": "This is the command component with input/output types of custom model",
            "tags": {
              "tag": "tagvalue",
              "owner": "sdkteam"
            },
            "inputs": {
              "component_in_custom_model": {
                "type": "custom_model",
                "optional": "False"
              },
              "component_in_trition_model": {
                "type": "triton_model",
                "optional": "False"
              }
            },
            "outputs": {
              "component_out_custom_model": {
                "type": "custom_model"
              },
              "component_out_trition_model": {
                "type": "triton_model"
              }
            },
            "code": "azureml:/subscriptions/00000000-0000-0000-0000-000000000/resourceGroups/00000/providers/Microsoft.MachineLearningServices/workspaces/00000/codes/5d0c2440-3f92-4bf0-a277-a2158e0ee09d/versions/1",
            "environment": "azureml://registries/azureml/environments/AzureML-sklearn-0.24-ubuntu18.04-py37-cpu/versions/1",
            "resources": {
              "instance_count": "1"
            },
            "command": "python -c \u0022\n  import pickle\n  with open(\u0027${{inputs.component_in_custom_model}}/model.pkl\u0027, \u0027rb\u0027) as f:\n      model = pickle.load(f)\n\u0022\n",
            "$schema": "https://azuremlschemas.azureedge.net/development/commandComponent.schema.json"
          }
        },
        "systemData": {
          "createdAt": "2022-11-08T06:19:10.9767404\u002B00:00",
          "createdBy": "Honglin Du",
          "createdByType": "User",
          "lastModifiedAt": "2022-11-08T06:19:11.169505\u002B00:00",
          "lastModifiedBy": "Honglin Du",
          "lastModifiedByType": "User"
        }
      }
    }
  ],
  "Variables": {
    "component_name": "test_725546997025"
  }
}
