{
  "Entries": [
    {
      "RequestUri": "https://management.azure.com/subscriptions/00000000-0000-0000-0000-000000000/resourceGroups/00000/providers/Microsoft.MachineLearningServices/workspaces/00000/computes/gpu-cluster?api-version=2022-01-01-preview",
      "RequestMethod": "GET",
      "RequestHeaders": {
        "Accept": "application/json",
        "Accept-Encoding": "gzip, deflate",
        "Connection": "keep-alive",
        "User-Agent": "azure-ai-ml/1.1.0 azsdk-python-mgmt-machinelearningservices/0.1.0 Python/3.8.13 (macOS-12.6-arm64-i386-64bit)"
      },
      "RequestBody": null,
      "StatusCode": 200,
      "ResponseHeaders": {
        "Cache-Control": "no-cache",
        "Content-Encoding": "gzip",
        "Content-Type": "application/json; charset=utf-8",
        "Date": "Tue, 08 Nov 2022 12:51:31 GMT",
        "Expires": "-1",
        "Pragma": "no-cache",
        "Request-Context": "appId=cid-v1:2d2e8e63-272e-4b3c-8598-4ee570a0e70d",
        "Server-Timing": "traceparent;desc=\u002200-c9062510167f9373611cd5f3762615ea-ab6e2823fd00dc56-00\u0022",
        "Strict-Transport-Security": "max-age=31536000; includeSubDomains",
        "Transfer-Encoding": "chunked",
        "Vary": [
          "Accept-Encoding",
          "Accept-Encoding"
        ],
        "x-aml-cluster": "vienna-eastus2-02",
        "X-Content-Type-Options": "nosniff",
        "x-ms-correlation-request-id": "0d08390e-92db-4140-92f2-2ff6f40f69a0",
        "x-ms-ratelimit-remaining-subscription-reads": "11920",
        "x-ms-response-type": "standard",
        "x-ms-routing-request-id": "EASTASIA:20221108T125132Z:0d08390e-92db-4140-92f2-2ff6f40f69a0",
        "x-request-time": "0.021"
      },
      "ResponseBody": {
        "id": "/subscriptions/00000000-0000-0000-0000-000000000/resourceGroups/00000/providers/Microsoft.MachineLearningServices/workspaces/00000/computes/gpu-cluster",
        "name": "gpu-cluster",
        "type": "Microsoft.MachineLearningServices/workspaces/computes",
        "location": "eastus2",
        "tags": {},
        "properties": {
          "createdOn": "2022-10-10T07:52:02.2174383\u002B00:00",
          "modifiedOn": "2022-10-10T07:52:02.7726776\u002B00:00",
          "disableLocalAuth": false,
          "description": null,
          "resourceId": null,
          "computeType": "AmlCompute",
          "computeLocation": "eastus2",
          "provisioningState": "Failed",
          "provisioningErrors": [
            {
              "error": {
                "code": "VmSizeNotSupported",
                "message": "STANDARD_ND6S is not supported in region eastus2. Please choose a different VM size."
              }
            }
          ],
          "isAttachedCompute": false,
          "properties": {
            "vmSize": "STANDARD_ND6S",
            "vmPriority": "Dedicated",
            "scaleSettings": {
              "maxNodeCount": 4,
              "minNodeCount": 0,
              "nodeIdleTimeBeforeScaleDown": null
            },
            "subnet": null,
            "currentNodeCount": null,
            "targetNodeCount": null,
            "nodeStateCounts": null,
            "allocationState": null,
            "errors": null,
            "remoteLoginPortPublicAccess": "NotSpecified",
            "virtualMachineImage": null,
            "isolatedNetwork": false
          }
        }
      }
    },
    {
      "RequestUri": "https://management.azure.com/subscriptions/00000000-0000-0000-0000-000000000/resourceGroups/00000/providers/Microsoft.MachineLearningServices/workspaces/00000/datastores/workspaceblobstore?api-version=2022-05-01",
      "RequestMethod": "GET",
      "RequestHeaders": {
        "Accept": "application/json",
        "Accept-Encoding": "gzip, deflate",
        "Connection": "keep-alive",
        "User-Agent": "azure-ai-ml/1.1.0 azsdk-python-mgmt-machinelearningservices/0.1.0 Python/3.8.13 (macOS-12.6-arm64-i386-64bit)"
      },
      "RequestBody": null,
      "StatusCode": 200,
      "ResponseHeaders": {
        "Cache-Control": "no-cache",
        "Content-Encoding": "gzip",
        "Content-Type": "application/json; charset=utf-8",
        "Date": "Tue, 08 Nov 2022 12:51:34 GMT",
        "Expires": "-1",
        "Pragma": "no-cache",
        "Request-Context": "appId=cid-v1:2d2e8e63-272e-4b3c-8598-4ee570a0e70d",
        "Server-Timing": "traceparent;desc=\u002200-a58a2e66eb2c0c7c31c6210c57b41639-eeca54740edb4ce8-00\u0022",
        "Strict-Transport-Security": "max-age=31536000; includeSubDomains",
        "Transfer-Encoding": "chunked",
        "Vary": [
          "Accept-Encoding",
          "Accept-Encoding"
        ],
        "x-aml-cluster": "vienna-eastus2-01",
        "X-Content-Type-Options": "nosniff",
        "x-ms-correlation-request-id": "7a2086fc-365e-4cd6-a0ce-47848b1ff743",
        "x-ms-ratelimit-remaining-subscription-reads": "11919",
        "x-ms-response-type": "standard",
        "x-ms-routing-request-id": "EASTASIA:20221108T125135Z:7a2086fc-365e-4cd6-a0ce-47848b1ff743",
        "x-request-time": "0.124"
      },
      "ResponseBody": {
        "id": "/subscriptions/00000000-0000-0000-0000-000000000/resourceGroups/00000/providers/Microsoft.MachineLearningServices/workspaces/00000/datastores/workspaceblobstore",
        "name": "workspaceblobstore",
        "type": "Microsoft.MachineLearningServices/workspaces/datastores",
        "properties": {
          "description": null,
          "tags": null,
          "properties": null,
          "isDefault": true,
          "credentials": {
            "credentialsType": "AccountKey"
          },
          "datastoreType": "AzureBlob",
          "accountName": "sav3u7rijui4cza",
          "containerName": "azureml-blobstore-a6db4a2a-8424-44da-a5a8-d604852f4fc3",
          "endpoint": "core.windows.net",
          "protocol": "https",
          "serviceDataAccessAuthIdentity": "WorkspaceSystemAssignedIdentity"
        },
        "systemData": {
          "createdAt": "2022-10-10T07:43:07.7818269\u002B00:00",
          "createdBy": "779301c0-18b2-4cdc-801b-a0a3368fee0a",
          "createdByType": "Application",
          "lastModifiedAt": "2022-10-10T07:43:08.5293577\u002B00:00",
          "lastModifiedBy": "779301c0-18b2-4cdc-801b-a0a3368fee0a",
          "lastModifiedByType": "Application"
        }
      }
    },
    {
      "RequestUri": "https://management.azure.com/subscriptions/00000000-0000-0000-0000-000000000/resourceGroups/00000/providers/Microsoft.MachineLearningServices/workspaces/00000/datastores/workspaceblobstore/listSecrets?api-version=2022-05-01",
      "RequestMethod": "POST",
      "RequestHeaders": {
        "Accept": "application/json",
        "Accept-Encoding": "gzip, deflate",
        "Connection": "keep-alive",
        "Content-Length": "0",
        "User-Agent": "azure-ai-ml/1.1.0 azsdk-python-mgmt-machinelearningservices/0.1.0 Python/3.8.13 (macOS-12.6-arm64-i386-64bit)"
      },
      "RequestBody": null,
      "StatusCode": 200,
      "ResponseHeaders": {
        "Cache-Control": "no-cache",
        "Content-Encoding": "gzip",
        "Content-Type": "application/json; charset=utf-8",
        "Date": "Tue, 08 Nov 2022 12:51:35 GMT",
        "Expires": "-1",
        "Pragma": "no-cache",
        "Request-Context": "appId=cid-v1:2d2e8e63-272e-4b3c-8598-4ee570a0e70d",
        "Server-Timing": "traceparent;desc=\u002200-388e2a93d859346f82f6f80ee6b8d207-4a385e2e868c0249-00\u0022",
        "Strict-Transport-Security": "max-age=31536000; includeSubDomains",
        "Transfer-Encoding": "chunked",
        "Vary": "Accept-Encoding",
        "x-aml-cluster": "vienna-eastus2-01",
        "X-Content-Type-Options": "nosniff",
        "x-ms-correlation-request-id": "6e370a0b-50e4-40c8-8c6b-eb30f027af1d",
        "x-ms-ratelimit-remaining-subscription-writes": "1143",
        "x-ms-response-type": "standard",
        "x-ms-routing-request-id": "EASTASIA:20221108T125136Z:6e370a0b-50e4-40c8-8c6b-eb30f027af1d",
        "x-request-time": "0.091"
      },
      "ResponseBody": {
        "secretsType": "AccountKey",
        "key": "dGhpcyBpcyBmYWtlIGtleQ=="
      }
    },
    {
      "RequestUri": "https://sav3u7rijui4cza.blob.core.windows.net/azureml-blobstore-a6db4a2a-8424-44da-a5a8-d604852f4fc3/LocalUpload/00000000000000000000000000000000/train/MLTable",
      "RequestMethod": "HEAD",
      "RequestHeaders": {
        "Accept": "application/xml",
        "Accept-Encoding": "gzip, deflate",
        "Connection": "keep-alive",
        "User-Agent": "azsdk-python-storage-blob/12.13.1 Python/3.8.13 (macOS-12.6-arm64-i386-64bit)",
        "x-ms-date": "Tue, 08 Nov 2022 12:51:36 GMT",
        "x-ms-version": "2021-08-06"
      },
      "RequestBody": null,
      "StatusCode": 200,
      "ResponseHeaders": {
        "Accept-Ranges": "bytes",
        "Content-Length": "235",
        "Content-MD5": "iwHmPPhv3fJBsqaJ6K1qXA==",
        "Content-Type": "application/octet-stream",
        "Date": "Tue, 08 Nov 2022 12:51:36 GMT",
        "ETag": "\u00220x8DAC16F08A7E800\u0022",
        "Last-Modified": "Tue, 08 Nov 2022 09:53:05 GMT",
        "Server": [
          "Windows-Azure-Blob/1.0",
          "Microsoft-HTTPAPI/2.0"
        ],
        "Vary": "Origin",
        "x-ms-access-tier": "Hot",
        "x-ms-access-tier-inferred": "true",
        "x-ms-blob-type": "BlockBlob",
        "x-ms-creation-time": "Tue, 08 Nov 2022 09:53:05 GMT",
        "x-ms-lease-state": "available",
        "x-ms-lease-status": "unlocked",
        "x-ms-meta-name": "543fda13-aa5c-45c3-8806-24a919e563c4",
        "x-ms-meta-upload_status": "completed",
        "x-ms-meta-version": "07611a1c-5a92-439c-8074-772162c7b101",
        "x-ms-server-encrypted": "true",
        "x-ms-version": "2021-08-06"
      },
      "ResponseBody": null
    },
    {
      "RequestUri": "https://sav3u7rijui4cza.blob.core.windows.net/azureml-blobstore-a6db4a2a-8424-44da-a5a8-d604852f4fc3/az-ml-artifacts/00000000000000000000000000000000/train/MLTable",
      "RequestMethod": "HEAD",
      "RequestHeaders": {
        "Accept": "application/xml",
        "Accept-Encoding": "gzip, deflate",
        "Connection": "keep-alive",
        "User-Agent": "azsdk-python-storage-blob/12.13.1 Python/3.8.13 (macOS-12.6-arm64-i386-64bit)",
        "x-ms-date": "Tue, 08 Nov 2022 12:51:36 GMT",
        "x-ms-version": "2021-08-06"
      },
      "RequestBody": null,
      "StatusCode": 404,
      "ResponseHeaders": {
        "Date": "Tue, 08 Nov 2022 12:51:36 GMT",
        "Server": [
          "Windows-Azure-Blob/1.0",
          "Microsoft-HTTPAPI/2.0"
        ],
        "Transfer-Encoding": "chunked",
        "Vary": "Origin",
        "x-ms-error-code": "BlobNotFound",
        "x-ms-version": "2021-08-06"
      },
      "ResponseBody": null
    },
    {
      "RequestUri": "https://management.azure.com/subscriptions/00000000-0000-0000-0000-000000000/resourceGroups/00000/providers/Microsoft.MachineLearningServices/workspaces/00000/datastores/workspaceblobstore?api-version=2022-05-01",
      "RequestMethod": "GET",
      "RequestHeaders": {
        "Accept": "application/json",
        "Accept-Encoding": "gzip, deflate",
        "Connection": "keep-alive",
        "User-Agent": "azure-ai-ml/1.1.0 azsdk-python-mgmt-machinelearningservices/0.1.0 Python/3.8.13 (macOS-12.6-arm64-i386-64bit)"
      },
      "RequestBody": null,
      "StatusCode": 200,
      "ResponseHeaders": {
        "Cache-Control": "no-cache",
        "Content-Encoding": "gzip",
        "Content-Type": "application/json; charset=utf-8",
        "Date": "Tue, 08 Nov 2022 12:51:36 GMT",
        "Expires": "-1",
        "Pragma": "no-cache",
        "Request-Context": "appId=cid-v1:2d2e8e63-272e-4b3c-8598-4ee570a0e70d",
        "Server-Timing": "traceparent;desc=\u002200-c2e13e6bb0e82425b5d43fec83554786-77d2a6f12f5b6410-00\u0022",
        "Strict-Transport-Security": "max-age=31536000; includeSubDomains",
        "Transfer-Encoding": "chunked",
        "Vary": [
          "Accept-Encoding",
          "Accept-Encoding"
        ],
        "x-aml-cluster": "vienna-eastus2-01",
        "X-Content-Type-Options": "nosniff",
        "x-ms-correlation-request-id": "863d6323-b4b6-4fbd-a1b2-ec4a50351ac8",
        "x-ms-ratelimit-remaining-subscription-reads": "11918",
        "x-ms-response-type": "standard",
        "x-ms-routing-request-id": "EASTASIA:20221108T125137Z:863d6323-b4b6-4fbd-a1b2-ec4a50351ac8",
        "x-request-time": "0.137"
      },
      "ResponseBody": {
        "id": "/subscriptions/00000000-0000-0000-0000-000000000/resourceGroups/00000/providers/Microsoft.MachineLearningServices/workspaces/00000/datastores/workspaceblobstore",
        "name": "workspaceblobstore",
        "type": "Microsoft.MachineLearningServices/workspaces/datastores",
        "properties": {
          "description": null,
          "tags": null,
          "properties": null,
          "isDefault": true,
          "credentials": {
            "credentialsType": "AccountKey"
          },
          "datastoreType": "AzureBlob",
          "accountName": "sav3u7rijui4cza",
          "containerName": "azureml-blobstore-a6db4a2a-8424-44da-a5a8-d604852f4fc3",
          "endpoint": "core.windows.net",
          "protocol": "https",
          "serviceDataAccessAuthIdentity": "WorkspaceSystemAssignedIdentity"
        },
        "systemData": {
          "createdAt": "2022-10-10T07:43:07.7818269\u002B00:00",
          "createdBy": "779301c0-18b2-4cdc-801b-a0a3368fee0a",
          "createdByType": "Application",
          "lastModifiedAt": "2022-10-10T07:43:08.5293577\u002B00:00",
          "lastModifiedBy": "779301c0-18b2-4cdc-801b-a0a3368fee0a",
          "lastModifiedByType": "Application"
        }
      }
    },
    {
      "RequestUri": "https://management.azure.com/subscriptions/00000000-0000-0000-0000-000000000/resourceGroups/00000/providers/Microsoft.MachineLearningServices/workspaces/00000/datastores/workspaceblobstore/listSecrets?api-version=2022-05-01",
      "RequestMethod": "POST",
      "RequestHeaders": {
        "Accept": "application/json",
        "Accept-Encoding": "gzip, deflate",
        "Connection": "keep-alive",
        "Content-Length": "0",
        "User-Agent": "azure-ai-ml/1.1.0 azsdk-python-mgmt-machinelearningservices/0.1.0 Python/3.8.13 (macOS-12.6-arm64-i386-64bit)"
      },
      "RequestBody": null,
      "StatusCode": 200,
      "ResponseHeaders": {
        "Cache-Control": "no-cache",
        "Content-Encoding": "gzip",
        "Content-Type": "application/json; charset=utf-8",
        "Date": "Tue, 08 Nov 2022 12:51:37 GMT",
        "Expires": "-1",
        "Pragma": "no-cache",
        "Request-Context": "appId=cid-v1:2d2e8e63-272e-4b3c-8598-4ee570a0e70d",
        "Server-Timing": "traceparent;desc=\u002200-2255376c4774134ef19aca9e74c96ae6-1bae4528b0657d6c-00\u0022",
        "Strict-Transport-Security": "max-age=31536000; includeSubDomains",
        "Transfer-Encoding": "chunked",
        "Vary": "Accept-Encoding",
        "x-aml-cluster": "vienna-eastus2-01",
        "X-Content-Type-Options": "nosniff",
        "x-ms-correlation-request-id": "876c59cc-2ac3-491f-a57c-d419036bfdd6",
        "x-ms-ratelimit-remaining-subscription-writes": "1142",
        "x-ms-response-type": "standard",
        "x-ms-routing-request-id": "EASTASIA:20221108T125138Z:876c59cc-2ac3-491f-a57c-d419036bfdd6",
        "x-request-time": "0.082"
      },
      "ResponseBody": {
        "secretsType": "AccountKey",
        "key": "dGhpcyBpcyBmYWtlIGtleQ=="
      }
    },
    {
      "RequestUri": "https://sav3u7rijui4cza.blob.core.windows.net/azureml-blobstore-a6db4a2a-8424-44da-a5a8-d604852f4fc3/LocalUpload/00000000000000000000000000000000/valid/MLTable",
      "RequestMethod": "HEAD",
      "RequestHeaders": {
        "Accept": "application/xml",
        "Accept-Encoding": "gzip, deflate",
        "Connection": "keep-alive",
        "User-Agent": "azsdk-python-storage-blob/12.13.1 Python/3.8.13 (macOS-12.6-arm64-i386-64bit)",
        "x-ms-date": "Tue, 08 Nov 2022 12:51:38 GMT",
        "x-ms-version": "2021-08-06"
      },
      "RequestBody": null,
      "StatusCode": 200,
      "ResponseHeaders": {
        "Accept-Ranges": "bytes",
        "Content-Length": "235",
        "Content-MD5": "Izj0RG5R3Nqd13YfMkpe6Q==",
        "Content-Type": "application/octet-stream",
        "Date": "Tue, 08 Nov 2022 12:51:38 GMT",
        "ETag": "\u00220x8DAC16F09FB85E5\u0022",
        "Last-Modified": "Tue, 08 Nov 2022 09:53:07 GMT",
        "Server": [
          "Windows-Azure-Blob/1.0",
          "Microsoft-HTTPAPI/2.0"
        ],
        "Vary": "Origin",
        "x-ms-access-tier": "Hot",
        "x-ms-access-tier-inferred": "true",
        "x-ms-blob-type": "BlockBlob",
        "x-ms-creation-time": "Tue, 08 Nov 2022 09:53:07 GMT",
        "x-ms-lease-state": "available",
        "x-ms-lease-status": "unlocked",
        "x-ms-meta-name": "3b310689-28bd-4b26-9485-60b1a73d3faa",
        "x-ms-meta-upload_status": "completed",
        "x-ms-meta-version": "66107ade-f3a0-4f5e-b764-a1fc798746b3",
        "x-ms-server-encrypted": "true",
        "x-ms-version": "2021-08-06"
      },
      "ResponseBody": null
    },
    {
      "RequestUri": "https://sav3u7rijui4cza.blob.core.windows.net/azureml-blobstore-a6db4a2a-8424-44da-a5a8-d604852f4fc3/az-ml-artifacts/00000000000000000000000000000000/valid/MLTable",
      "RequestMethod": "HEAD",
      "RequestHeaders": {
        "Accept": "application/xml",
        "Accept-Encoding": "gzip, deflate",
        "Connection": "keep-alive",
        "User-Agent": "azsdk-python-storage-blob/12.13.1 Python/3.8.13 (macOS-12.6-arm64-i386-64bit)",
        "x-ms-date": "Tue, 08 Nov 2022 12:51:38 GMT",
        "x-ms-version": "2021-08-06"
      },
      "RequestBody": null,
      "StatusCode": 404,
      "ResponseHeaders": {
        "Date": "Tue, 08 Nov 2022 12:51:38 GMT",
        "Server": [
          "Windows-Azure-Blob/1.0",
          "Microsoft-HTTPAPI/2.0"
        ],
        "Transfer-Encoding": "chunked",
        "Vary": "Origin",
        "x-ms-error-code": "BlobNotFound",
        "x-ms-version": "2021-08-06"
      },
      "ResponseBody": null
    },
    {
      "RequestUri": "https://management.azure.com/subscriptions/00000000-0000-0000-0000-000000000/resourceGroups/00000/providers/Microsoft.MachineLearningServices/workspaces/00000/jobs/test_586704301971?api-version=2022-10-01-preview",
      "RequestMethod": "PUT",
      "RequestHeaders": {
        "Accept": "application/json",
        "Accept-Encoding": "gzip, deflate",
        "Connection": "keep-alive",
        "Content-Length": "1339",
        "Content-Type": "application/json",
        "User-Agent": "azure-ai-ml/1.1.0 azsdk-python-mgmt-machinelearningservices/0.1.0 Python/3.8.13 (macOS-12.6-arm64-i386-64bit)"
      },
      "RequestBody": {
        "properties": {
          "properties": {},
          "tags": {
            "tag": "tagvalue",
            "owner": "sdkteam"
          },
          "computeId": "/subscriptions/00000000-0000-0000-0000-000000000/resourceGroups/00000/providers/Microsoft.MachineLearningServices/workspaces/00000/computes/gpu-cluster",
          "displayName": "test_586704301971",
          "experimentName": "my_first_experiment",
          "isArchived": false,
          "jobType": "Pipeline",
          "inputs": {
            "text_classification_training_data": {
              "uri": "azureml://datastores/workspaceblobstore/paths/LocalUpload/00000000000000000000000000000000/train",
              "jobInputType": "mltable"
            },
            "text_classification_validation_data": {
              "uri": "azureml://datastores/workspaceblobstore/paths/LocalUpload/00000000000000000000000000000000/valid",
              "jobInputType": "mltable"
            }
          },
          "jobs": {
            "automl_text_classification": {
              "name": "automl_text_classification",
              "tags": {},
              "properties": {},
              "type": "automl",
              "outputs": {},
              "log_verbosity": "info",
              "training_data": "${{parent.inputs.text_classification_training_data}}",
              "limits": {
                "max_trials": 1,
                "max_nodes": 1,
                "timeout_minutes": 60
              },
              "featurization": {
                "dataset_language": "eng"
              },
              "validation_data": "${{parent.inputs.text_classification_validation_data}}",
              "task": "text_classification",
              "primary_metric": "accuracy",
              "target_column_name": "y"
            }
          },
          "outputs": {},
          "settings": {
            "continue_on_step_failure": false,
            "_source": "YAML.JOB"
          }
        }
      },
      "StatusCode": 201,
      "ResponseHeaders": {
        "Cache-Control": "no-cache",
        "Content-Length": "3528",
        "Content-Type": "application/json; charset=utf-8",
        "Date": "Tue, 08 Nov 2022 12:51:50 GMT",
        "Expires": "-1",
        "Location": "https://management.azure.com/subscriptions/00000000-0000-0000-0000-000000000/resourceGroups/00000/providers/Microsoft.MachineLearningServices/workspaces/00000/jobs/test_586704301971?api-version=2022-10-01-preview",
        "Pragma": "no-cache",
        "Request-Context": "appId=cid-v1:2d2e8e63-272e-4b3c-8598-4ee570a0e70d",
        "Server-Timing": "traceparent;desc=\u002200-da36b4d82eac7092de0ec5ef63402586-1e2553ef017467bb-00\u0022",
        "Strict-Transport-Security": "max-age=31536000; includeSubDomains",
        "x-aml-cluster": "vienna-eastus2-01",
        "X-Content-Type-Options": "nosniff",
        "x-ms-correlation-request-id": "22093868-ce4e-49bc-8efc-d7aa23d9c186",
        "x-ms-ratelimit-remaining-subscription-writes": "1138",
        "x-ms-response-type": "standard",
        "x-ms-routing-request-id": "EASTASIA:20221108T125150Z:22093868-ce4e-49bc-8efc-d7aa23d9c186",
        "x-request-time": "7.106"
      },
      "ResponseBody": {
        "id": "/subscriptions/00000000-0000-0000-0000-000000000/resourceGroups/00000/providers/Microsoft.MachineLearningServices/workspaces/00000/jobs/test_586704301971",
        "name": "test_586704301971",
        "type": "Microsoft.MachineLearningServices/workspaces/jobs",
        "properties": {
          "description": null,
          "tags": {
            "tag": "tagvalue",
            "owner": "sdkteam"
          },
          "properties": {
            "azureml.DevPlatv2": "true",
            "azureml.runsource": "azureml.PipelineRun",
            "runSource": "MFE",
            "runType": "HTTP",
            "azureml.parameters": "{}",
            "azureml.continue_on_step_failure": "False",
            "azureml.continue_on_failed_optional_input": "True",
            "azureml.defaultComputeName": "gpu-cluster",
            "azureml.defaultDataStoreName": "workspaceblobstore",
            "azureml.pipelineComponent": "pipelinerun"
          },
          "displayName": "test_586704301971",
          "status": "Preparing",
          "experimentName": "my_first_experiment",
          "services": {
            "Tracking": {
              "jobServiceType": "Tracking",
              "port": null,
              "endpoint": "azureml://eastus2.api.azureml.ms/mlflow/v1.0/subscriptions/00000000-0000-0000-0000-000000000/resourceGroups/00000/providers/Microsoft.MachineLearningServices/workspaces/00000?",
              "status": null,
              "errorMessage": null,
              "properties": null,
              "nodes": null
            },
            "Studio": {
              "jobServiceType": "Studio",
              "port": null,
              "endpoint": "https://ml.azure.com/runs/test_586704301971?wsid=/subscriptions/00000000-0000-0000-0000-000000000/resourcegroups/00000/workspaces/00000",
              "status": null,
              "errorMessage": null,
              "properties": null,
              "nodes": null
            }
          },
          "computeId": "/subscriptions/00000000-0000-0000-0000-000000000/resourceGroups/00000/providers/Microsoft.MachineLearningServices/workspaces/00000/computes/gpu-cluster",
          "isArchived": false,
          "identity": null,
          "componentId": null,
          "jobType": "Pipeline",
          "settings": {
            "continue_on_step_failure": false,
            "_source": "YAML.JOB"
          },
          "jobs": {
            "automl_text_classification": {
              "name": "automl_text_classification",
              "tags": {},
              "properties": {},
              "type": "automl",
              "outputs": {},
              "log_verbosity": "info",
              "training_data": "${{parent.inputs.text_classification_training_data}}",
              "limits": {
                "max_trials": 1,
                "max_nodes": 1,
                "timeout_minutes": 60
              },
              "featurization": {
                "dataset_language": "eng"
              },
              "validation_data": "${{parent.inputs.text_classification_validation_data}}",
              "task": "text_classification",
              "primary_metric": "accuracy",
              "target_column_name": "y"
            }
          },
          "inputs": {
            "text_classification_training_data": {
              "description": null,
              "uri": "azureml://datastores/workspaceblobstore/paths/LocalUpload/00000000000000000000000000000000/train",
              "mode": "ReadOnlyMount",
              "jobInputType": "mltable"
            },
            "text_classification_validation_data": {
              "description": null,
              "uri": "azureml://datastores/workspaceblobstore/paths/LocalUpload/00000000000000000000000000000000/valid",
              "mode": "ReadOnlyMount",
              "jobInputType": "mltable"
            }
          },
          "outputs": {},
          "sourceJobId": null
        },
        "systemData": {
          "createdAt": "2022-11-08T12:51:49.632918\u002B00:00",
          "createdBy": "Honglin Du",
          "createdByType": "User"
        }
      }
    }
  ],
  "Variables": {
    "name": "test_586704301971"
  }
}
