{
  "Entries": [
    {
      "RequestUri": "https://management.azure.com/subscriptions/00000000-0000-0000-0000-000000000/resourceGroups/00000/providers/Microsoft.MachineLearningServices/workspaces/00000/computes/cpu-cluster?api-version=2022-01-01-preview",
      "RequestMethod": "GET",
      "RequestHeaders": {
        "Accept": "application/json",
        "Accept-Encoding": "gzip, deflate",
        "Connection": "keep-alive",
        "User-Agent": "azure-ai-ml/1.1.0 azsdk-python-mgmt-machinelearningservices/0.1.0 Python/3.8.13 (macOS-12.6-arm64-i386-64bit)"
      },
      "RequestBody": null,
      "StatusCode": 200,
      "ResponseHeaders": {
        "Cache-Control": "no-cache",
        "Content-Encoding": "gzip",
        "Content-Type": "application/json; charset=utf-8",
        "Date": "Tue, 08 Nov 2022 12:33:01 GMT",
        "Expires": "-1",
        "Pragma": "no-cache",
        "Request-Context": "appId=cid-v1:2d2e8e63-272e-4b3c-8598-4ee570a0e70d",
        "Server-Timing": "traceparent;desc=\u002200-249cefd0ed5811703473de7a8e84e686-3d4bfa745245f049-00\u0022",
        "Strict-Transport-Security": "max-age=31536000; includeSubDomains",
        "Transfer-Encoding": "chunked",
        "Vary": [
          "Accept-Encoding",
          "Accept-Encoding"
        ],
        "x-aml-cluster": "vienna-eastus2-02",
        "X-Content-Type-Options": "nosniff",
        "x-ms-correlation-request-id": "79d64e78-8582-4afd-8549-0ecd9e6ad83c",
        "x-ms-ratelimit-remaining-subscription-reads": "11879",
        "x-ms-response-type": "standard",
        "x-ms-routing-request-id": "EASTASIA:20221108T123301Z:79d64e78-8582-4afd-8549-0ecd9e6ad83c",
        "x-request-time": "0.035"
      },
      "ResponseBody": {
        "id": "/subscriptions/00000000-0000-0000-0000-000000000/resourceGroups/00000/providers/Microsoft.MachineLearningServices/workspaces/00000/computes/cpu-cluster",
        "name": "cpu-cluster",
        "type": "Microsoft.MachineLearningServices/workspaces/computes",
        "location": "eastus2",
        "tags": {},
        "properties": {
          "createdOn": "2022-10-10T07:44:03.2104968\u002B00:00",
          "modifiedOn": "2022-11-08T03:58:27.2396848\u002B00:00",
          "disableLocalAuth": false,
          "description": null,
          "resourceId": null,
          "computeType": "AmlCompute",
          "computeLocation": "eastus2",
          "provisioningState": "Succeeded",
          "provisioningErrors": null,
          "isAttachedCompute": false,
          "properties": {
            "vmSize": "STANDARD_DS2_V2",
            "vmPriority": "Dedicated",
            "scaleSettings": {
              "maxNodeCount": 4,
              "minNodeCount": 0,
              "nodeIdleTimeBeforeScaleDown": "PT2M"
            },
            "subnet": null,
            "currentNodeCount": 0,
            "targetNodeCount": 2,
            "nodeStateCounts": {
              "preparingNodeCount": 0,
              "runningNodeCount": 0,
              "idleNodeCount": 0,
              "unusableNodeCount": 0,
              "leavingNodeCount": 0,
              "preemptedNodeCount": 0
            },
            "allocationState": "Resizing",
            "allocationStateTransitionTime": "2022-11-08T12:29:54.542\u002B00:00",
            "errors": null,
            "remoteLoginPortPublicAccess": "Enabled",
            "osType": "Linux",
            "virtualMachineImage": null,
            "isolatedNetwork": false,
            "propertyBag": {}
          }
        }
      }
    },
    {
      "RequestUri": "https://management.azure.com/subscriptions/00000000-0000-0000-0000-000000000/resourceGroups/00000/providers/Microsoft.MachineLearningServices/workspaces/00000/computes/cpu-cluster?api-version=2022-01-01-preview",
      "RequestMethod": "GET",
      "RequestHeaders": {
        "Accept": "application/json",
        "Accept-Encoding": "gzip, deflate",
        "Connection": "keep-alive",
        "User-Agent": "azure-ai-ml/1.1.0 azsdk-python-mgmt-machinelearningservices/0.1.0 Python/3.8.13 (macOS-12.6-arm64-i386-64bit)"
      },
      "RequestBody": null,
      "StatusCode": 200,
      "ResponseHeaders": {
        "Cache-Control": "no-cache",
        "Content-Encoding": "gzip",
        "Content-Type": "application/json; charset=utf-8",
        "Date": "Tue, 08 Nov 2022 12:33:01 GMT",
        "Expires": "-1",
        "Pragma": "no-cache",
        "Request-Context": "appId=cid-v1:2d2e8e63-272e-4b3c-8598-4ee570a0e70d",
        "Server-Timing": "traceparent;desc=\u002200-04915cbe0722fdbee7580b216de78997-01d20142e6ed3ecb-00\u0022",
        "Strict-Transport-Security": "max-age=31536000; includeSubDomains",
        "Transfer-Encoding": "chunked",
        "Vary": [
          "Accept-Encoding",
          "Accept-Encoding"
        ],
        "x-aml-cluster": "vienna-eastus2-02",
        "X-Content-Type-Options": "nosniff",
        "x-ms-correlation-request-id": "8149885b-3ed5-4b60-b24f-fef4ebdb93cf",
        "x-ms-ratelimit-remaining-subscription-reads": "11878",
        "x-ms-response-type": "standard",
        "x-ms-routing-request-id": "EASTASIA:20221108T123301Z:8149885b-3ed5-4b60-b24f-fef4ebdb93cf",
        "x-request-time": "0.033"
      },
      "ResponseBody": {
        "id": "/subscriptions/00000000-0000-0000-0000-000000000/resourceGroups/00000/providers/Microsoft.MachineLearningServices/workspaces/00000/computes/cpu-cluster",
        "name": "cpu-cluster",
        "type": "Microsoft.MachineLearningServices/workspaces/computes",
        "location": "eastus2",
        "tags": {},
        "properties": {
          "createdOn": "2022-10-10T07:44:03.2104968\u002B00:00",
          "modifiedOn": "2022-11-08T03:58:27.2396848\u002B00:00",
          "disableLocalAuth": false,
          "description": null,
          "resourceId": null,
          "computeType": "AmlCompute",
          "computeLocation": "eastus2",
          "provisioningState": "Succeeded",
          "provisioningErrors": null,
          "isAttachedCompute": false,
          "properties": {
            "vmSize": "STANDARD_DS2_V2",
            "vmPriority": "Dedicated",
            "scaleSettings": {
              "maxNodeCount": 4,
              "minNodeCount": 0,
              "nodeIdleTimeBeforeScaleDown": "PT2M"
            },
            "subnet": null,
            "currentNodeCount": 0,
            "targetNodeCount": 2,
            "nodeStateCounts": {
              "preparingNodeCount": 0,
              "runningNodeCount": 0,
              "idleNodeCount": 0,
              "unusableNodeCount": 0,
              "leavingNodeCount": 0,
              "preemptedNodeCount": 0
            },
            "allocationState": "Resizing",
            "allocationStateTransitionTime": "2022-11-08T12:29:54.542\u002B00:00",
            "errors": null,
            "remoteLoginPortPublicAccess": "Enabled",
            "osType": "Linux",
            "virtualMachineImage": null,
            "isolatedNetwork": false,
            "propertyBag": {}
          }
        }
      }
    },
    {
      "RequestUri": "https://management.azure.com/subscriptions/00000000-0000-0000-0000-000000000/resourceGroups/00000/providers/Microsoft.MachineLearningServices/workspaces/00000/computes/cpu-cluster?api-version=2022-01-01-preview",
      "RequestMethod": "GET",
      "RequestHeaders": {
        "Accept": "application/json",
        "Accept-Encoding": "gzip, deflate",
        "Connection": "keep-alive",
        "User-Agent": "azure-ai-ml/1.1.0 azsdk-python-mgmt-machinelearningservices/0.1.0 Python/3.8.13 (macOS-12.6-arm64-i386-64bit)"
      },
      "RequestBody": null,
      "StatusCode": 200,
      "ResponseHeaders": {
        "Cache-Control": "no-cache",
        "Content-Encoding": "gzip",
        "Content-Type": "application/json; charset=utf-8",
        "Date": "Tue, 08 Nov 2022 12:33:02 GMT",
        "Expires": "-1",
        "Pragma": "no-cache",
        "Request-Context": "appId=cid-v1:2d2e8e63-272e-4b3c-8598-4ee570a0e70d",
        "Server-Timing": "traceparent;desc=\u002200-dee6e6ee57384df7d024fc691c4a157d-def50462ce5a243c-00\u0022",
        "Strict-Transport-Security": "max-age=31536000; includeSubDomains",
        "Transfer-Encoding": "chunked",
        "Vary": [
          "Accept-Encoding",
          "Accept-Encoding"
        ],
        "x-aml-cluster": "vienna-eastus2-02",
        "X-Content-Type-Options": "nosniff",
        "x-ms-correlation-request-id": "620232e2-fde4-40d0-a710-a66c0674900c",
        "x-ms-ratelimit-remaining-subscription-reads": "11877",
        "x-ms-response-type": "standard",
        "x-ms-routing-request-id": "EASTASIA:20221108T123302Z:620232e2-fde4-40d0-a710-a66c0674900c",
        "x-request-time": "0.038"
      },
      "ResponseBody": {
        "id": "/subscriptions/00000000-0000-0000-0000-000000000/resourceGroups/00000/providers/Microsoft.MachineLearningServices/workspaces/00000/computes/cpu-cluster",
        "name": "cpu-cluster",
        "type": "Microsoft.MachineLearningServices/workspaces/computes",
        "location": "eastus2",
        "tags": {},
        "properties": {
          "createdOn": "2022-10-10T07:44:03.2104968\u002B00:00",
          "modifiedOn": "2022-11-08T03:58:27.2396848\u002B00:00",
          "disableLocalAuth": false,
          "description": null,
          "resourceId": null,
          "computeType": "AmlCompute",
          "computeLocation": "eastus2",
          "provisioningState": "Succeeded",
          "provisioningErrors": null,
          "isAttachedCompute": false,
          "properties": {
            "vmSize": "STANDARD_DS2_V2",
            "vmPriority": "Dedicated",
            "scaleSettings": {
              "maxNodeCount": 4,
              "minNodeCount": 0,
              "nodeIdleTimeBeforeScaleDown": "PT2M"
            },
            "subnet": null,
            "currentNodeCount": 0,
            "targetNodeCount": 2,
            "nodeStateCounts": {
              "preparingNodeCount": 0,
              "runningNodeCount": 0,
              "idleNodeCount": 0,
              "unusableNodeCount": 0,
              "leavingNodeCount": 0,
              "preemptedNodeCount": 0
            },
            "allocationState": "Resizing",
            "allocationStateTransitionTime": "2022-11-08T12:29:54.542\u002B00:00",
            "errors": null,
            "remoteLoginPortPublicAccess": "Enabled",
            "osType": "Linux",
            "virtualMachineImage": null,
            "isolatedNetwork": false,
            "propertyBag": {}
          }
        }
      }
    },
    {
      "RequestUri": "https://management.azure.com/subscriptions/00000000-0000-0000-0000-000000000/resourceGroups/00000/providers/Microsoft.MachineLearningServices/workspaces/00000/datastores/workspaceblobstore?api-version=2022-05-01",
      "RequestMethod": "GET",
      "RequestHeaders": {
        "Accept": "application/json",
        "Accept-Encoding": "gzip, deflate",
        "Connection": "keep-alive",
        "User-Agent": "azure-ai-ml/1.1.0 azsdk-python-mgmt-machinelearningservices/0.1.0 Python/3.8.13 (macOS-12.6-arm64-i386-64bit)"
      },
      "RequestBody": null,
      "StatusCode": 200,
      "ResponseHeaders": {
        "Cache-Control": "no-cache",
        "Content-Encoding": "gzip",
        "Content-Type": "application/json; charset=utf-8",
        "Date": "Tue, 08 Nov 2022 12:33:04 GMT",
        "Expires": "-1",
        "Pragma": "no-cache",
        "Request-Context": "appId=cid-v1:2d2e8e63-272e-4b3c-8598-4ee570a0e70d",
        "Server-Timing": "traceparent;desc=\u002200-1a2c5818e2dc31b296bb6130e45a78e9-8904c07599562764-00\u0022",
        "Strict-Transport-Security": "max-age=31536000; includeSubDomains",
        "Transfer-Encoding": "chunked",
        "Vary": [
          "Accept-Encoding",
          "Accept-Encoding"
        ],
        "x-aml-cluster": "vienna-eastus2-02",
        "X-Content-Type-Options": "nosniff",
        "x-ms-correlation-request-id": "a9fbf4bf-a8bd-452f-8cd9-6e43a7bd5a02",
        "x-ms-ratelimit-remaining-subscription-reads": "11876",
        "x-ms-response-type": "standard",
        "x-ms-routing-request-id": "EASTASIA:20221108T123305Z:a9fbf4bf-a8bd-452f-8cd9-6e43a7bd5a02",
        "x-request-time": "0.117"
      },
      "ResponseBody": {
        "id": "/subscriptions/00000000-0000-0000-0000-000000000/resourceGroups/00000/providers/Microsoft.MachineLearningServices/workspaces/00000/datastores/workspaceblobstore",
        "name": "workspaceblobstore",
        "type": "Microsoft.MachineLearningServices/workspaces/datastores",
        "properties": {
          "description": null,
          "tags": null,
          "properties": null,
          "isDefault": true,
          "credentials": {
            "credentialsType": "AccountKey"
          },
          "datastoreType": "AzureBlob",
          "accountName": "sav3u7rijui4cza",
          "containerName": "azureml-blobstore-a6db4a2a-8424-44da-a5a8-d604852f4fc3",
          "endpoint": "core.windows.net",
          "protocol": "https",
          "serviceDataAccessAuthIdentity": "WorkspaceSystemAssignedIdentity"
        },
        "systemData": {
          "createdAt": "2022-10-10T07:43:07.7818269\u002B00:00",
          "createdBy": "779301c0-18b2-4cdc-801b-a0a3368fee0a",
          "createdByType": "Application",
          "lastModifiedAt": "2022-10-10T07:43:08.5293577\u002B00:00",
          "lastModifiedBy": "779301c0-18b2-4cdc-801b-a0a3368fee0a",
          "lastModifiedByType": "Application"
        }
      }
    },
    {
      "RequestUri": "https://management.azure.com/subscriptions/00000000-0000-0000-0000-000000000/resourceGroups/00000/providers/Microsoft.MachineLearningServices/workspaces/00000/datastores/workspaceblobstore/listSecrets?api-version=2022-05-01",
      "RequestMethod": "POST",
      "RequestHeaders": {
        "Accept": "application/json",
        "Accept-Encoding": "gzip, deflate",
        "Connection": "keep-alive",
        "Content-Length": "0",
        "User-Agent": "azure-ai-ml/1.1.0 azsdk-python-mgmt-machinelearningservices/0.1.0 Python/3.8.13 (macOS-12.6-arm64-i386-64bit)"
      },
      "RequestBody": null,
      "StatusCode": 200,
      "ResponseHeaders": {
        "Cache-Control": "no-cache",
        "Content-Encoding": "gzip",
        "Content-Type": "application/json; charset=utf-8",
        "Date": "Tue, 08 Nov 2022 12:33:05 GMT",
        "Expires": "-1",
        "Pragma": "no-cache",
        "Request-Context": "appId=cid-v1:2d2e8e63-272e-4b3c-8598-4ee570a0e70d",
        "Server-Timing": "traceparent;desc=\u002200-4d05fb873c4c7ade71e823e1210079dd-4bef4362f53a24ce-00\u0022",
        "Strict-Transport-Security": "max-age=31536000; includeSubDomains",
        "Transfer-Encoding": "chunked",
        "Vary": "Accept-Encoding",
        "x-aml-cluster": "vienna-eastus2-02",
        "X-Content-Type-Options": "nosniff",
        "x-ms-correlation-request-id": "3051b98e-e55f-4d0e-b590-f4d2e676b95d",
        "x-ms-ratelimit-remaining-subscription-writes": "1148",
        "x-ms-response-type": "standard",
        "x-ms-routing-request-id": "EASTASIA:20221108T123305Z:3051b98e-e55f-4d0e-b590-f4d2e676b95d",
        "x-request-time": "0.080"
      },
      "ResponseBody": {
        "secretsType": "AccountKey",
        "key": "dGhpcyBpcyBmYWtlIGtleQ=="
      }
    },
    {
      "RequestUri": "https://sav3u7rijui4cza.blob.core.windows.net/azureml-blobstore-a6db4a2a-8424-44da-a5a8-d604852f4fc3/LocalUpload/00000000000000000000000000000000/COMPONENT_PLACEHOLDER",
      "RequestMethod": "HEAD",
      "RequestHeaders": {
        "Accept": "application/xml",
        "Accept-Encoding": "gzip, deflate",
        "Connection": "keep-alive",
        "User-Agent": "azsdk-python-storage-blob/12.13.1 Python/3.8.13 (macOS-12.6-arm64-i386-64bit)",
        "x-ms-date": "Tue, 08 Nov 2022 12:33:05 GMT",
        "x-ms-version": "2021-08-06"
      },
      "RequestBody": null,
      "StatusCode": 200,
      "ResponseHeaders": {
        "Accept-Ranges": "bytes",
        "Content-Length": "35",
        "Content-MD5": "L/DnSpFIn\u002BjaQWc\u002BsUQdcw==",
        "Content-Type": "application/octet-stream",
        "Date": "Tue, 08 Nov 2022 12:33:05 GMT",
        "ETag": "\u00220x8DAC13EFDFF2C0D\u0022",
        "Last-Modified": "Tue, 08 Nov 2022 04:09:11 GMT",
        "Server": [
          "Windows-Azure-Blob/1.0",
          "Microsoft-HTTPAPI/2.0"
        ],
        "Vary": "Origin",
        "x-ms-access-tier": "Hot",
        "x-ms-access-tier-inferred": "true",
        "x-ms-blob-type": "BlockBlob",
        "x-ms-creation-time": "Tue, 08 Nov 2022 04:09:11 GMT",
        "x-ms-lease-state": "available",
        "x-ms-lease-status": "unlocked",
        "x-ms-meta-name": "5d0c2440-3f92-4bf0-a277-a2158e0ee09d",
        "x-ms-meta-upload_status": "completed",
        "x-ms-meta-version": "1",
        "x-ms-server-encrypted": "true",
        "x-ms-version": "2021-08-06"
      },
      "ResponseBody": null
    },
    {
      "RequestUri": "https://sav3u7rijui4cza.blob.core.windows.net/azureml-blobstore-a6db4a2a-8424-44da-a5a8-d604852f4fc3/az-ml-artifacts/00000000000000000000000000000000/COMPONENT_PLACEHOLDER",
      "RequestMethod": "HEAD",
      "RequestHeaders": {
        "Accept": "application/xml",
        "Accept-Encoding": "gzip, deflate",
        "Connection": "keep-alive",
        "User-Agent": "azsdk-python-storage-blob/12.13.1 Python/3.8.13 (macOS-12.6-arm64-i386-64bit)",
        "x-ms-date": "Tue, 08 Nov 2022 12:33:06 GMT",
        "x-ms-version": "2021-08-06"
      },
      "RequestBody": null,
      "StatusCode": 404,
      "ResponseHeaders": {
        "Date": "Tue, 08 Nov 2022 12:33:06 GMT",
        "Server": [
          "Windows-Azure-Blob/1.0",
          "Microsoft-HTTPAPI/2.0"
        ],
        "Transfer-Encoding": "chunked",
        "Vary": "Origin",
        "x-ms-error-code": "BlobNotFound",
        "x-ms-version": "2021-08-06"
      },
      "ResponseBody": null
    },
    {
      "RequestUri": "https://management.azure.com/subscriptions/00000000-0000-0000-0000-000000000/resourceGroups/00000/providers/Microsoft.MachineLearningServices/workspaces/00000/codes/5d0c2440-3f92-4bf0-a277-a2158e0ee09d/versions/1?api-version=2022-05-01",
      "RequestMethod": "PUT",
      "RequestHeaders": {
        "Accept": "application/json",
        "Accept-Encoding": "gzip, deflate",
        "Connection": "keep-alive",
        "Content-Length": "288",
        "Content-Type": "application/json",
        "User-Agent": "azure-ai-ml/1.1.0 azsdk-python-mgmt-machinelearningservices/0.1.0 Python/3.8.13 (macOS-12.6-arm64-i386-64bit)"
      },
      "RequestBody": {
        "properties": {
          "properties": {
            "hash_sha256": "0000000000000",
            "hash_version": "0000000000000"
          },
          "isAnonymous": true,
          "isArchived": false,
          "codeUri": "https://sav3u7rijui4cza.blob.core.windows.net/azureml-blobstore-a6db4a2a-8424-44da-a5a8-d604852f4fc3/LocalUpload/00000000000000000000000000000000"
        }
      },
      "StatusCode": 200,
      "ResponseHeaders": {
        "Cache-Control": "no-cache",
        "Content-Encoding": "gzip",
        "Content-Type": "application/json; charset=utf-8",
        "Date": "Tue, 08 Nov 2022 12:33:07 GMT",
        "Expires": "-1",
        "Pragma": "no-cache",
        "Request-Context": "appId=cid-v1:2d2e8e63-272e-4b3c-8598-4ee570a0e70d",
        "Server-Timing": "traceparent;desc=\u002200-fe50b6a77824f846855cd992b19b86dd-2653e4420fcff285-00\u0022",
        "Strict-Transport-Security": "max-age=31536000; includeSubDomains",
        "Transfer-Encoding": "chunked",
        "Vary": [
          "Accept-Encoding",
          "Accept-Encoding"
        ],
        "x-aml-cluster": "vienna-eastus2-02",
        "X-Content-Type-Options": "nosniff",
        "x-ms-correlation-request-id": "a2225b41-2ad3-4e2a-9bfd-021f9759dd64",
        "x-ms-ratelimit-remaining-subscription-writes": "1112",
        "x-ms-response-type": "standard",
        "x-ms-routing-request-id": "EASTASIA:20221108T123307Z:a2225b41-2ad3-4e2a-9bfd-021f9759dd64",
        "x-request-time": "0.193"
      },
      "ResponseBody": "{\u0022id\u0022:\u0022/subscriptions/00000000-0000-0000-0000-000000000/resourceGroups/00000/providers/Microsoft.MachineLearningServices/workspaces/00000/codes/5d0c2440-3f92-4bf0-a277-a2158e0ee09d/versions/1\u0022,\u0022name\u0022:\u00221\u0022,\u0022type\u0022:\u0022Microsoft.MachineLearningServices/workspaces/codes/versions\u0022,\u0022properties\u0022:{\u0022description\u0022:null,\u0022tags\u0022:{},\u0022properties\u0022:{\u0022hash_sha256\u0022:\u00220000000000000\u0022,\u0022hash_version\u0022:\u00220000000000000\u0022},\u0022isArchived\u0022:false,\u0022isAnonymous\u0022:false,\u0022codeUri\u0022:\u0022https://sav3u7rijui4cza.blob.core.windows.net/azureml-blobstore-a6db4a2a-8424-44da-a5a8-d604852f4fc3/LocalUpload/000000000000000000000000000000000000systemData\u0022:{\u0022createdAt\u0022:\u00222022-11-08T04:09:13.0225939\u002B00:00\u0022,\u0022createdBy\u0022:\u0022Honglin Du\u0022,\u0022createdByType\u0022:\u0022User\u0022,\u0022lastModifiedAt\u0022:\u00222022-11-08T12:33:07.1992819\u002B00:00\u0022,\u0022lastModifiedBy\u0022:\u0022Honglin Du\u0022,\u0022lastModifiedByType\u0022:\u0022User\u0022}}"
    },
    {
      "RequestUri": "https://management.azure.com/subscriptions/00000000-0000-0000-0000-000000000/resourceGroups/00000/providers/Microsoft.MachineLearningServices/workspaces/00000/components/azureml_anonymous/versions/000000000000000000000?api-version=2022-05-01",
      "RequestMethod": "PUT",
      "RequestHeaders": {
        "Accept": "application/json",
        "Accept-Encoding": "gzip, deflate",
        "Connection": "keep-alive",
        "Content-Length": "853",
        "Content-Type": "application/json",
        "User-Agent": "azure-ai-ml/1.1.0 azsdk-python-mgmt-machinelearningservices/0.1.0 Python/3.8.13 (macOS-12.6-arm64-i386-64bit)"
      },
      "RequestBody": {
        "properties": {
          "description": "Simple job that writes hello world to file.",
          "properties": {},
          "tags": {},
          "isAnonymous": true,
          "isArchived": false,
          "componentSpec": {
            "command": "echo \u0022Hello World\u0022 \u003E ${{outputs.component_out_path_1}}/helloworld.txt",
            "code": "azureml:/subscriptions/00000000-0000-0000-0000-000000000/resourceGroups/00000/providers/Microsoft.MachineLearningServices/workspaces/00000/codes/5d0c2440-3f92-4bf0-a277-a2158e0ee09d/versions/1",
            "environment": "azureml:AzureML-sklearn-0.24-ubuntu18.04-py37-cpu:1",
            "name": "azureml_anonymous",
            "description": "Simple job that writes hello world to file.",
            "version": "000000000000000000000",
            "display_name": "hello_world_inline_commandjob_1",
            "is_deterministic": true,
            "outputs": {
              "component_out_path_1": {
                "type": "uri_folder",
                "mode": "mount"
              }
            },
            "type": "command",
            "_source": "YAML.JOB"
          }
        }
      },
      "StatusCode": 201,
      "ResponseHeaders": {
        "Cache-Control": "no-cache",
        "Content-Length": "1724",
        "Content-Type": "application/json; charset=utf-8",
        "Date": "Tue, 08 Nov 2022 12:33:08 GMT",
        "Expires": "-1",
        "Location": "https://management.azure.com/subscriptions/00000000-0000-0000-0000-000000000/resourceGroups/00000/providers/Microsoft.MachineLearningServices/workspaces/00000/components/azureml_anonymous/versions/000000000000000000000?api-version=2022-05-01",
        "Pragma": "no-cache",
        "Request-Context": "appId=cid-v1:2d2e8e63-272e-4b3c-8598-4ee570a0e70d",
        "Server-Timing": "traceparent;desc=\u002200-4ce26c2adf20b0840b15629cc4aa9995-72093f5e09bb17c8-00\u0022",
        "Strict-Transport-Security": "max-age=31536000; includeSubDomains",
        "x-aml-cluster": "vienna-eastus2-02",
        "X-Content-Type-Options": "nosniff",
        "x-ms-correlation-request-id": "a9dcba9d-5528-428f-910f-cf32df0a2ee0",
        "x-ms-ratelimit-remaining-subscription-writes": "1111",
        "x-ms-response-type": "standard",
        "x-ms-routing-request-id": "EASTASIA:20221108T123308Z:a9dcba9d-5528-428f-910f-cf32df0a2ee0",
        "x-request-time": "0.544"
      },
      "ResponseBody": {
        "id": "/subscriptions/00000000-0000-0000-0000-000000000/resourceGroups/00000/providers/Microsoft.MachineLearningServices/workspaces/00000/components/azureml_anonymous/versions/28bfdf7f-4fcb-44c9-927c-b9fb11b771c4",
        "name": "28bfdf7f-4fcb-44c9-927c-b9fb11b771c4",
        "type": "Microsoft.MachineLearningServices/workspaces/components/versions",
        "properties": {
          "description": null,
          "tags": {},
          "properties": {},
          "isArchived": false,
          "isAnonymous": true,
          "componentSpec": {
            "name": "azureml_anonymous",
            "version": "28bfdf7f-4fcb-44c9-927c-b9fb11b771c4",
            "display_name": "hello_world_inline_commandjob_1",
            "is_deterministic": "True",
            "type": "command",
            "description": "Simple job that writes hello world to file.",
            "outputs": {
              "component_out_path_1": {
                "type": "uri_folder"
              }
            },
            "code": "azureml:/subscriptions/00000000-0000-0000-0000-000000000/resourceGroups/00000/providers/Microsoft.MachineLearningServices/workspaces/00000/codes/5d0c2440-3f92-4bf0-a277-a2158e0ee09d/versions/1",
            "environment": "azureml://registries/azureml/environments/AzureML-sklearn-0.24-ubuntu18.04-py37-cpu/versions/1",
            "resources": {
              "instance_count": "1"
            },
            "command": "echo \u0022Hello World\u0022 \u003E ${{outputs.component_out_path_1}}/helloworld.txt",
            "$schema": "https://componentsdk.azureedge.net/jsonschema/CommandComponent.json"
          }
        },
        "systemData": {
          "createdAt": "2022-11-08T09:31:04.1026558\u002B00:00",
          "createdBy": "Honglin Du",
          "createdByType": "User",
          "lastModifiedAt": "2022-11-08T09:31:04.2577431\u002B00:00",
          "lastModifiedBy": "Honglin Du",
          "lastModifiedByType": "User"
        }
      }
    },
    {
      "RequestUri": "https://management.azure.com/subscriptions/00000000-0000-0000-0000-000000000/resourceGroups/00000/providers/Microsoft.MachineLearningServices/workspaces/00000/datastores/workspaceblobstore?api-version=2022-05-01",
      "RequestMethod": "GET",
      "RequestHeaders": {
        "Accept": "application/json",
        "Accept-Encoding": "gzip, deflate",
        "Connection": "keep-alive",
        "User-Agent": "azure-ai-ml/1.1.0 azsdk-python-mgmt-machinelearningservices/0.1.0 Python/3.8.13 (macOS-12.6-arm64-i386-64bit)"
      },
      "RequestBody": null,
      "StatusCode": 200,
      "ResponseHeaders": {
        "Cache-Control": "no-cache",
        "Content-Encoding": "gzip",
        "Content-Type": "application/json; charset=utf-8",
        "Date": "Tue, 08 Nov 2022 12:33:09 GMT",
        "Expires": "-1",
        "Pragma": "no-cache",
        "Request-Context": "appId=cid-v1:2d2e8e63-272e-4b3c-8598-4ee570a0e70d",
        "Server-Timing": "traceparent;desc=\u002200-e305efd5138229b354500348e79d2314-b7c9e734bfc12a02-00\u0022",
        "Strict-Transport-Security": "max-age=31536000; includeSubDomains",
        "Transfer-Encoding": "chunked",
        "Vary": [
          "Accept-Encoding",
          "Accept-Encoding"
        ],
        "x-aml-cluster": "vienna-eastus2-02",
        "X-Content-Type-Options": "nosniff",
        "x-ms-correlation-request-id": "f7357e6b-79d0-4d6f-b053-c6c1665bea26",
        "x-ms-ratelimit-remaining-subscription-reads": "11875",
        "x-ms-response-type": "standard",
        "x-ms-routing-request-id": "EASTASIA:20221108T123309Z:f7357e6b-79d0-4d6f-b053-c6c1665bea26",
        "x-request-time": "0.119"
      },
      "ResponseBody": {
        "id": "/subscriptions/00000000-0000-0000-0000-000000000/resourceGroups/00000/providers/Microsoft.MachineLearningServices/workspaces/00000/datastores/workspaceblobstore",
        "name": "workspaceblobstore",
        "type": "Microsoft.MachineLearningServices/workspaces/datastores",
        "properties": {
          "description": null,
          "tags": null,
          "properties": null,
          "isDefault": true,
          "credentials": {
            "credentialsType": "AccountKey"
          },
          "datastoreType": "AzureBlob",
          "accountName": "sav3u7rijui4cza",
          "containerName": "azureml-blobstore-a6db4a2a-8424-44da-a5a8-d604852f4fc3",
          "endpoint": "core.windows.net",
          "protocol": "https",
          "serviceDataAccessAuthIdentity": "WorkspaceSystemAssignedIdentity"
        },
        "systemData": {
          "createdAt": "2022-10-10T07:43:07.7818269\u002B00:00",
          "createdBy": "779301c0-18b2-4cdc-801b-a0a3368fee0a",
          "createdByType": "Application",
          "lastModifiedAt": "2022-10-10T07:43:08.5293577\u002B00:00",
          "lastModifiedBy": "779301c0-18b2-4cdc-801b-a0a3368fee0a",
          "lastModifiedByType": "Application"
        }
      }
    },
    {
      "RequestUri": "https://management.azure.com/subscriptions/00000000-0000-0000-0000-000000000/resourceGroups/00000/providers/Microsoft.MachineLearningServices/workspaces/00000/datastores/workspaceblobstore/listSecrets?api-version=2022-05-01",
      "RequestMethod": "POST",
      "RequestHeaders": {
        "Accept": "application/json",
        "Accept-Encoding": "gzip, deflate",
        "Connection": "keep-alive",
        "Content-Length": "0",
        "User-Agent": "azure-ai-ml/1.1.0 azsdk-python-mgmt-machinelearningservices/0.1.0 Python/3.8.13 (macOS-12.6-arm64-i386-64bit)"
      },
      "RequestBody": null,
      "StatusCode": 200,
      "ResponseHeaders": {
        "Cache-Control": "no-cache",
        "Content-Encoding": "gzip",
        "Content-Type": "application/json; charset=utf-8",
        "Date": "Tue, 08 Nov 2022 12:33:09 GMT",
        "Expires": "-1",
        "Pragma": "no-cache",
        "Request-Context": "appId=cid-v1:2d2e8e63-272e-4b3c-8598-4ee570a0e70d",
        "Server-Timing": "traceparent;desc=\u002200-a2a27112140bdbfb70b9a81f1f01ea29-14f8b16eeec16d6b-00\u0022",
        "Strict-Transport-Security": "max-age=31536000; includeSubDomains",
        "Transfer-Encoding": "chunked",
        "Vary": "Accept-Encoding",
        "x-aml-cluster": "vienna-eastus2-02",
        "X-Content-Type-Options": "nosniff",
        "x-ms-correlation-request-id": "3b82f4be-9ff3-4458-925a-0d8d4f330628",
        "x-ms-ratelimit-remaining-subscription-writes": "1147",
        "x-ms-response-type": "standard",
        "x-ms-routing-request-id": "EASTASIA:20221108T123310Z:3b82f4be-9ff3-4458-925a-0d8d4f330628",
        "x-request-time": "0.079"
      },
      "ResponseBody": {
        "secretsType": "AccountKey",
        "key": "dGhpcyBpcyBmYWtlIGtleQ=="
      }
    },
    {
      "RequestUri": "https://sav3u7rijui4cza.blob.core.windows.net/azureml-blobstore-a6db4a2a-8424-44da-a5a8-d604852f4fc3/LocalUpload/00000000000000000000000000000000/COMPONENT_PLACEHOLDER",
      "RequestMethod": "HEAD",
      "RequestHeaders": {
        "Accept": "application/xml",
        "Accept-Encoding": "gzip, deflate",
        "Connection": "keep-alive",
        "User-Agent": "azsdk-python-storage-blob/12.13.1 Python/3.8.13 (macOS-12.6-arm64-i386-64bit)",
        "x-ms-date": "Tue, 08 Nov 2022 12:33:10 GMT",
        "x-ms-version": "2021-08-06"
      },
      "RequestBody": null,
      "StatusCode": 200,
      "ResponseHeaders": {
        "Accept-Ranges": "bytes",
        "Content-Length": "35",
        "Content-MD5": "L/DnSpFIn\u002BjaQWc\u002BsUQdcw==",
        "Content-Type": "application/octet-stream",
        "Date": "Tue, 08 Nov 2022 12:33:10 GMT",
        "ETag": "\u00220x8DAC13EFDFF2C0D\u0022",
        "Last-Modified": "Tue, 08 Nov 2022 04:09:11 GMT",
        "Server": [
          "Windows-Azure-Blob/1.0",
          "Microsoft-HTTPAPI/2.0"
        ],
        "Vary": "Origin",
        "x-ms-access-tier": "Hot",
        "x-ms-access-tier-inferred": "true",
        "x-ms-blob-type": "BlockBlob",
        "x-ms-creation-time": "Tue, 08 Nov 2022 04:09:11 GMT",
        "x-ms-lease-state": "available",
        "x-ms-lease-status": "unlocked",
        "x-ms-meta-name": "5d0c2440-3f92-4bf0-a277-a2158e0ee09d",
        "x-ms-meta-upload_status": "completed",
        "x-ms-meta-version": "1",
        "x-ms-server-encrypted": "true",
        "x-ms-version": "2021-08-06"
      },
      "ResponseBody": null
    },
    {
      "RequestUri": "https://sav3u7rijui4cza.blob.core.windows.net/azureml-blobstore-a6db4a2a-8424-44da-a5a8-d604852f4fc3/az-ml-artifacts/00000000000000000000000000000000/COMPONENT_PLACEHOLDER",
      "RequestMethod": "HEAD",
      "RequestHeaders": {
        "Accept": "application/xml",
        "Accept-Encoding": "gzip, deflate",
        "Connection": "keep-alive",
        "User-Agent": "azsdk-python-storage-blob/12.13.1 Python/3.8.13 (macOS-12.6-arm64-i386-64bit)",
        "x-ms-date": "Tue, 08 Nov 2022 12:33:10 GMT",
        "x-ms-version": "2021-08-06"
      },
      "RequestBody": null,
      "StatusCode": 404,
      "ResponseHeaders": {
        "Date": "Tue, 08 Nov 2022 12:33:10 GMT",
        "Server": [
          "Windows-Azure-Blob/1.0",
          "Microsoft-HTTPAPI/2.0"
        ],
        "Transfer-Encoding": "chunked",
        "Vary": "Origin",
        "x-ms-error-code": "BlobNotFound",
        "x-ms-version": "2021-08-06"
      },
      "ResponseBody": null
    },
    {
      "RequestUri": "https://management.azure.com/subscriptions/00000000-0000-0000-0000-000000000/resourceGroups/00000/providers/Microsoft.MachineLearningServices/workspaces/00000/codes/5d0c2440-3f92-4bf0-a277-a2158e0ee09d/versions/1?api-version=2022-05-01",
      "RequestMethod": "PUT",
      "RequestHeaders": {
        "Accept": "application/json",
        "Accept-Encoding": "gzip, deflate",
        "Connection": "keep-alive",
        "Content-Length": "288",
        "Content-Type": "application/json",
        "User-Agent": "azure-ai-ml/1.1.0 azsdk-python-mgmt-machinelearningservices/0.1.0 Python/3.8.13 (macOS-12.6-arm64-i386-64bit)"
      },
      "RequestBody": {
        "properties": {
          "properties": {
            "hash_sha256": "0000000000000",
            "hash_version": "0000000000000"
          },
          "isAnonymous": true,
          "isArchived": false,
          "codeUri": "https://sav3u7rijui4cza.blob.core.windows.net/azureml-blobstore-a6db4a2a-8424-44da-a5a8-d604852f4fc3/LocalUpload/00000000000000000000000000000000"
        }
      },
      "StatusCode": 200,
      "ResponseHeaders": {
        "Cache-Control": "no-cache",
        "Content-Encoding": "gzip",
        "Content-Type": "application/json; charset=utf-8",
        "Date": "Tue, 08 Nov 2022 12:33:11 GMT",
        "Expires": "-1",
        "Pragma": "no-cache",
        "Request-Context": "appId=cid-v1:2d2e8e63-272e-4b3c-8598-4ee570a0e70d",
        "Server-Timing": "traceparent;desc=\u002200-a429e5b118ce14f40c028fa8266b10fd-405077e09c30a564-00\u0022",
        "Strict-Transport-Security": "max-age=31536000; includeSubDomains",
        "Transfer-Encoding": "chunked",
        "Vary": [
          "Accept-Encoding",
          "Accept-Encoding"
        ],
        "x-aml-cluster": "vienna-eastus2-02",
        "X-Content-Type-Options": "nosniff",
        "x-ms-correlation-request-id": "b7887b03-d25b-4ada-a061-a6cd7ecea8a0",
        "x-ms-ratelimit-remaining-subscription-writes": "1110",
        "x-ms-response-type": "standard",
        "x-ms-routing-request-id": "EASTASIA:20221108T123311Z:b7887b03-d25b-4ada-a061-a6cd7ecea8a0",
        "x-request-time": "0.169"
      },
      "ResponseBody": "{\u0022id\u0022:\u0022/subscriptions/00000000-0000-0000-0000-000000000/resourceGroups/00000/providers/Microsoft.MachineLearningServices/workspaces/00000/codes/5d0c2440-3f92-4bf0-a277-a2158e0ee09d/versions/1\u0022,\u0022name\u0022:\u00221\u0022,\u0022type\u0022:\u0022Microsoft.MachineLearningServices/workspaces/codes/versions\u0022,\u0022properties\u0022:{\u0022description\u0022:null,\u0022tags\u0022:{},\u0022properties\u0022:{\u0022hash_sha256\u0022:\u00220000000000000\u0022,\u0022hash_version\u0022:\u00220000000000000\u0022},\u0022isArchived\u0022:false,\u0022isAnonymous\u0022:false,\u0022codeUri\u0022:\u0022https://sav3u7rijui4cza.blob.core.windows.net/azureml-blobstore-a6db4a2a-8424-44da-a5a8-d604852f4fc3/LocalUpload/000000000000000000000000000000000000systemData\u0022:{\u0022createdAt\u0022:\u00222022-11-08T04:09:13.0225939\u002B00:00\u0022,\u0022createdBy\u0022:\u0022Honglin Du\u0022,\u0022createdByType\u0022:\u0022User\u0022,\u0022lastModifiedAt\u0022:\u00222022-11-08T12:33:11.4915209\u002B00:00\u0022,\u0022lastModifiedBy\u0022:\u0022Honglin Du\u0022,\u0022lastModifiedByType\u0022:\u0022User\u0022}}"
    },
    {
      "RequestUri": "https://management.azure.com/subscriptions/00000000-0000-0000-0000-000000000/resourceGroups/00000/providers/Microsoft.MachineLearningServices/workspaces/00000/components/azureml_anonymous/versions/000000000000000000000?api-version=2022-05-01",
      "RequestMethod": "PUT",
      "RequestHeaders": {
        "Accept": "application/json",
        "Accept-Encoding": "gzip, deflate",
        "Connection": "keep-alive",
        "Content-Length": "836",
        "Content-Type": "application/json",
        "User-Agent": "azure-ai-ml/1.1.0 azsdk-python-mgmt-machinelearningservices/0.1.0 Python/3.8.13 (macOS-12.6-arm64-i386-64bit)"
      },
      "RequestBody": {
        "properties": {
          "description": "Simple job that writes hello world to file.",
          "properties": {},
          "tags": {},
          "isAnonymous": true,
          "isArchived": false,
          "componentSpec": {
            "command": "echo \u0022Hello World\u0022 \u003E ${{outputs.component_out_path_2}}/helloworld.txt",
            "code": "azureml:/subscriptions/00000000-0000-0000-0000-000000000/resourceGroups/00000/providers/Microsoft.MachineLearningServices/workspaces/00000/codes/5d0c2440-3f92-4bf0-a277-a2158e0ee09d/versions/1",
            "environment": "azureml:AzureML-sklearn-0.24-ubuntu18.04-py37-cpu:1",
            "name": "azureml_anonymous",
            "description": "Simple job that writes hello world to file.",
            "version": "000000000000000000000",
            "display_name": "hello_world_inline_commandjob_2",
            "is_deterministic": true,
            "outputs": {
              "component_out_path_2": {
                "type": "uri_folder"
              }
            },
            "type": "command",
            "_source": "YAML.JOB"
          }
        }
      },
      "StatusCode": 201,
      "ResponseHeaders": {
        "Cache-Control": "no-cache",
        "Content-Length": "1724",
        "Content-Type": "application/json; charset=utf-8",
        "Date": "Tue, 08 Nov 2022 12:33:12 GMT",
        "Expires": "-1",
        "Location": "https://management.azure.com/subscriptions/00000000-0000-0000-0000-000000000/resourceGroups/00000/providers/Microsoft.MachineLearningServices/workspaces/00000/components/azureml_anonymous/versions/000000000000000000000?api-version=2022-05-01",
        "Pragma": "no-cache",
        "Request-Context": "appId=cid-v1:2d2e8e63-272e-4b3c-8598-4ee570a0e70d",
        "Server-Timing": "traceparent;desc=\u002200-b359c9a7651fb91b680c8ca409eecc73-be17704af94ffc33-00\u0022",
        "Strict-Transport-Security": "max-age=31536000; includeSubDomains",
        "x-aml-cluster": "vienna-eastus2-02",
        "X-Content-Type-Options": "nosniff",
        "x-ms-correlation-request-id": "30c06fd8-cf1a-4e5d-aac7-b22ebd8ff377",
        "x-ms-ratelimit-remaining-subscription-writes": "1109",
        "x-ms-response-type": "standard",
        "x-ms-routing-request-id": "EASTASIA:20221108T123312Z:30c06fd8-cf1a-4e5d-aac7-b22ebd8ff377",
        "x-request-time": "0.540"
      },
      "ResponseBody": {
        "id": "/subscriptions/00000000-0000-0000-0000-000000000/resourceGroups/00000/providers/Microsoft.MachineLearningServices/workspaces/00000/components/azureml_anonymous/versions/1a6534eb-f7b4-455a-9bc9-3c6b726d3c9f",
        "name": "1a6534eb-f7b4-455a-9bc9-3c6b726d3c9f",
        "type": "Microsoft.MachineLearningServices/workspaces/components/versions",
        "properties": {
          "description": null,
          "tags": {},
          "properties": {},
          "isArchived": false,
          "isAnonymous": true,
          "componentSpec": {
            "name": "azureml_anonymous",
            "version": "1a6534eb-f7b4-455a-9bc9-3c6b726d3c9f",
            "display_name": "hello_world_inline_commandjob_2",
            "is_deterministic": "True",
            "type": "command",
            "description": "Simple job that writes hello world to file.",
            "outputs": {
              "component_out_path_2": {
                "type": "uri_folder"
              }
            },
            "code": "azureml:/subscriptions/00000000-0000-0000-0000-000000000/resourceGroups/00000/providers/Microsoft.MachineLearningServices/workspaces/00000/codes/5d0c2440-3f92-4bf0-a277-a2158e0ee09d/versions/1",
            "environment": "azureml://registries/azureml/environments/AzureML-sklearn-0.24-ubuntu18.04-py37-cpu/versions/1",
            "resources": {
              "instance_count": "1"
            },
            "command": "echo \u0022Hello World\u0022 \u003E ${{outputs.component_out_path_2}}/helloworld.txt",
            "$schema": "https://componentsdk.azureedge.net/jsonschema/CommandComponent.json"
          }
        },
        "systemData": {
          "createdAt": "2022-11-08T09:31:08.4874709\u002B00:00",
          "createdBy": "Honglin Du",
          "createdByType": "User",
          "lastModifiedAt": "2022-11-08T09:31:08.6392626\u002B00:00",
          "lastModifiedBy": "Honglin Du",
          "lastModifiedByType": "User"
        }
      }
    },
    {
      "RequestUri": "https://management.azure.com/subscriptions/00000000-0000-0000-0000-000000000/resourceGroups/00000/providers/Microsoft.MachineLearningServices/workspaces/00000/jobs/test_608316206025?api-version=2022-10-01-preview",
      "RequestMethod": "PUT",
      "RequestHeaders": {
        "Accept": "application/json",
        "Accept-Encoding": "gzip, deflate",
        "Connection": "keep-alive",
        "Content-Length": "1733",
        "Content-Type": "application/json",
        "User-Agent": "azure-ai-ml/1.1.0 azsdk-python-mgmt-machinelearningservices/0.1.0 Python/3.8.13 (macOS-12.6-arm64-i386-64bit)"
      },
      "RequestBody": {
        "properties": {
          "description": "The hello world pipeline job with inline command job having inputs",
          "properties": {},
          "tags": {
            "tag": "tagvalue",
            "owner": "sdkteam"
          },
          "computeId": "/subscriptions/00000000-0000-0000-0000-000000000/resourceGroups/00000/providers/Microsoft.MachineLearningServices/workspaces/00000/computes/cpu-cluster",
          "displayName": "test_608316206025",
          "experimentName": "azure-ai-ml",
          "isArchived": false,
          "jobType": "Pipeline",
          "inputs": {},
          "jobs": {
            "hello_world_inline_commandjob_1": {
              "name": "hello_world_inline_commandjob_1",
              "type": "command",
              "computeId": "/subscriptions/00000000-0000-0000-0000-000000000/resourceGroups/00000/providers/Microsoft.MachineLearningServices/workspaces/00000/computes/cpu-cluster",
              "outputs": {
                "component_out_path_1": {
                  "value": "${{parent.outputs.job_out_path_1}}",
                  "type": "literal"
                }
              },
              "_source": "YAML.JOB",
              "componentId": "/subscriptions/00000000-0000-0000-0000-000000000/resourceGroups/00000/providers/Microsoft.MachineLearningServices/workspaces/00000/components/azureml_anonymous/versions/28bfdf7f-4fcb-44c9-927c-b9fb11b771c4"
            },
            "hello_world_inline_commandjob_2": {
              "name": "hello_world_inline_commandjob_2",
              "type": "command",
              "computeId": "/subscriptions/00000000-0000-0000-0000-000000000/resourceGroups/00000/providers/Microsoft.MachineLearningServices/workspaces/00000/computes/cpu-cluster",
              "_source": "YAML.JOB",
              "componentId": "/subscriptions/00000000-0000-0000-0000-000000000/resourceGroups/00000/providers/Microsoft.MachineLearningServices/workspaces/00000/components/azureml_anonymous/versions/1a6534eb-f7b4-455a-9bc9-3c6b726d3c9f"
            }
          },
          "outputs": {
            "job_out_path_1": {
              "mode": "ReadWriteMount",
              "jobOutputType": "uri_folder"
            }
          },
          "settings": {
            "_source": "YAML.JOB"
          }
        }
      },
      "StatusCode": 201,
      "ResponseHeaders": {
        "Cache-Control": "no-cache",
        "Content-Length": "3786",
        "Content-Type": "application/json; charset=utf-8",
        "Date": "Tue, 08 Nov 2022 12:33:21 GMT",
        "Expires": "-1",
        "Location": "https://management.azure.com/subscriptions/00000000-0000-0000-0000-000000000/resourceGroups/00000/providers/Microsoft.MachineLearningServices/workspaces/00000/jobs/test_608316206025?api-version=2022-10-01-preview",
        "Pragma": "no-cache",
        "Request-Context": "appId=cid-v1:2d2e8e63-272e-4b3c-8598-4ee570a0e70d",
        "Server-Timing": "traceparent;desc=\u002200-90ce3fc318ef024b034297748bb84250-a48232eed43f3ceb-00\u0022",
        "Strict-Transport-Security": "max-age=31536000; includeSubDomains",
        "x-aml-cluster": "vienna-eastus2-02",
        "X-Content-Type-Options": "nosniff",
        "x-ms-correlation-request-id": "9159c9fa-303e-4b90-8a47-968006a96191",
        "x-ms-ratelimit-remaining-subscription-writes": "1108",
        "x-ms-response-type": "standard",
        "x-ms-routing-request-id": "EASTASIA:20221108T123321Z:9159c9fa-303e-4b90-8a47-968006a96191",
        "x-request-time": "3.502"
      },
      "ResponseBody": {
        "id": "/subscriptions/00000000-0000-0000-0000-000000000/resourceGroups/00000/providers/Microsoft.MachineLearningServices/workspaces/00000/jobs/test_608316206025",
        "name": "test_608316206025",
        "type": "Microsoft.MachineLearningServices/workspaces/jobs",
        "properties": {
          "description": "The hello world pipeline job with inline command job having inputs",
          "tags": {
            "tag": "tagvalue",
            "owner": "sdkteam"
          },
          "properties": {
            "azureml.DevPlatv2": "true",
            "azureml.runsource": "azureml.PipelineRun",
            "runSource": "MFE",
            "runType": "HTTP",
            "azureml.parameters": "{}",
            "azureml.continue_on_step_failure": "False",
            "azureml.continue_on_failed_optional_input": "True",
            "azureml.defaultComputeName": "cpu-cluster",
            "azureml.defaultDataStoreName": "workspaceblobstore",
            "azureml.pipelineComponent": "pipelinerun"
          },
          "displayName": "test_608316206025",
          "status": "Preparing",
          "experimentName": "azure-ai-ml",
          "services": {
            "Tracking": {
              "jobServiceType": "Tracking",
              "port": null,
              "endpoint": "azureml://eastus2.api.azureml.ms/mlflow/v1.0/subscriptions/00000000-0000-0000-0000-000000000/resourceGroups/00000/providers/Microsoft.MachineLearningServices/workspaces/00000?",
              "status": null,
              "errorMessage": null,
              "properties": null,
              "nodes": null
            },
            "Studio": {
              "jobServiceType": "Studio",
              "port": null,
              "endpoint": "https://ml.azure.com/runs/test_608316206025?wsid=/subscriptions/00000000-0000-0000-0000-000000000/resourcegroups/00000/workspaces/00000",
              "status": null,
              "errorMessage": null,
              "properties": null,
              "nodes": null
            }
          },
          "computeId": "/subscriptions/00000000-0000-0000-0000-000000000/resourceGroups/00000/providers/Microsoft.MachineLearningServices/workspaces/00000/computes/cpu-cluster",
          "isArchived": false,
          "identity": null,
          "componentId": null,
          "jobType": "Pipeline",
          "settings": {
            "_source": "YAML.JOB"
          },
          "jobs": {
            "hello_world_inline_commandjob_1": {
              "name": "hello_world_inline_commandjob_1",
              "type": "command",
              "computeId": "/subscriptions/00000000-0000-0000-0000-000000000/resourceGroups/00000/providers/Microsoft.MachineLearningServices/workspaces/00000/computes/cpu-cluster",
              "outputs": {
                "component_out_path_1": {
                  "value": "${{parent.outputs.job_out_path_1}}",
                  "type": "literal"
                }
              },
              "_source": "YAML.JOB",
              "componentId": "/subscriptions/00000000-0000-0000-0000-000000000/resourceGroups/00000/providers/Microsoft.MachineLearningServices/workspaces/00000/components/azureml_anonymous/versions/28bfdf7f-4fcb-44c9-927c-b9fb11b771c4"
            },
            "hello_world_inline_commandjob_2": {
              "name": "hello_world_inline_commandjob_2",
              "type": "command",
              "computeId": "/subscriptions/00000000-0000-0000-0000-000000000/resourceGroups/00000/providers/Microsoft.MachineLearningServices/workspaces/00000/computes/cpu-cluster",
              "_source": "YAML.JOB",
              "componentId": "/subscriptions/00000000-0000-0000-0000-000000000/resourceGroups/00000/providers/Microsoft.MachineLearningServices/workspaces/00000/components/azureml_anonymous/versions/1a6534eb-f7b4-455a-9bc9-3c6b726d3c9f"
            }
          },
          "inputs": {},
          "outputs": {
            "job_out_path_1": {
              "description": null,
              "uri": null,
              "mode": "ReadWriteMount",
              "jobOutputType": "uri_folder"
            }
          },
          "sourceJobId": null
        },
        "systemData": {
          "createdAt": "2022-11-08T12:33:20.8103543\u002B00:00",
          "createdBy": "Honglin Du",
          "createdByType": "User"
        }
      }
    }
  ],
  "Variables": {
    "name": "test_608316206025"
  }
}
